Component: ARM Compiler 5.05 update 1 (build 106) Tool: armlink [4d0efa]

==============================================================================

Section Cross References

    main.o(i.ADCX) refers to adc.o(i.Get_Adc_Average) for Get_Adc_Average
    main.o(i.ADCX) refers to dflti.o(.text) for __aeabi_i2d
    main.o(i.ADCX) refers to ddiv.o(.text) for __aeabi_ddiv
    main.o(i.ADCX) refers to dfixi.o(.text) for __aeabi_d2iz
    main.o(i.ADCX) refers to dmul.o(.text) for __aeabi_dmul
    main.o(i.ADCX) refers to dadd.o(.text) for __aeabi_dadd
    main.o(i.ADCX) refers to main.o(.data) for ad1
    main.o(i.Hardware_Init) refers to misc.o(i.NVIC_PriorityGroupConfig) for NVIC_PriorityGroupConfig
    main.o(i.Hardware_Init) refers to delay.o(i.delay_init) for delay_init
    main.o(i.Hardware_Init) refers to led.o(i.LED_Init) for LED_Init
    main.o(i.Hardware_Init) refers to sv17f.o(i.SV17F_Init) for SV17F_Init
    main.o(i.Hardware_Init) refers to beep.o(i.BEEP_Init) for BEEP_Init
    main.o(i.Hardware_Init) refers to mpu6050.o(i.MPU_Init) for MPU_Init
    main.o(i.Hardware_Init) refers to inv_mpu.o(i.mpu_dmp_init) for mpu_dmp_init
    main.o(i.Hardware_Init) refers to mlx90614.o(i.SMBus_Init) for SMBus_Init
    main.o(i.Hardware_Init) refers to exti.o(i.EXTIX_Init) for EXTIX_Init
    main.o(i.Hardware_Init) refers to adc.o(i.Adc_Init) for Adc_Init
    main.o(i.Hardware_Init) refers to max30102.o(i.max30102_init) for max30102_init
    main.o(i.Hardware_Init) refers to max30102.o(i.MAX30102_data_set) for MAX30102_data_set
    main.o(i.Hardware_Init) refers to oled.o(i.OLED_Init) for OLED_Init
    main.o(i.Hardware_Init) refers to oled.o(i.OLED_Display_On) for OLED_Display_On
    main.o(i.Hardware_Init) refers to oled.o(i.OLED_Clear) for OLED_Clear
    main.o(i.Hardware_Init) refers to key.o(i.KEY_Init) for KEY_Init
    main.o(i.Hardware_Init) refers to usart.o(i.uart_init) for uart_init
    main.o(i.Hardware_Init) refers to esp8266.o(i.Usart2_Init) for Usart2_Init
    main.o(i.Hardware_Init) refers to timer.o(i.TIM3_Int_Init) for TIM3_Int_Init
    main.o(i.Hardware_Init) refers to printfa.o(i.__0printf) for __2printf
    main.o(i.main) refers to main.o(i.Hardware_Init) for Hardware_Init
    main.o(i.main) refers to esp8266.o(i.ESP8266_Init) for ESP8266_Init
    main.o(i.main) refers to delay.o(i.delay_ms) for delay_ms
    main.o(i.main) refers to onenet.o(i.OneNet_DevLink) for OneNet_DevLink
    main.o(i.main) refers to onenet.o(i.OneNet_Subscribe) for OneNet_Subscribe
    main.o(i.main) refers to timer.o(i.TIM2_Int_Init) for TIM2_Int_Init
    main.o(i.main) refers to menu.o(i.Menu_key_set) for Menu_key_set
    main.o(i.main) refers to inv_mpu.o(i.mpu_dmp_get_data) for mpu_dmp_get_data
    main.o(i.main) refers to mpu6050.o(i.MPU_Get_Accelerometer) for MPU_Get_Accelerometer
    main.o(i.main) refers to dflti.o(.text) for __aeabi_i2d
    main.o(i.main) refers to sqrt.o(i.sqrt) for sqrt
    main.o(i.main) refers to cfcmple.o(.text) for __aeabi_cfcmple
    main.o(i.main) refers to cfrcmple.o(.text) for __aeabi_cfrcmple
    main.o(i.main) refers to cdrcmple.o(.text) for __aeabi_cdrcmple
    main.o(i.main) refers to key.o(i.KEY_Scan) for KEY_Scan
    main.o(i.main) refers to max30102.o(i.MAX30102_get) for MAX30102_get
    main.o(i.main) refers to main.o(i.ADCX) for ADCX
    main.o(i.main) refers to mlx90614.o(i.SMBus_ReadTemp) for SMBus_ReadTemp
    main.o(i.main) refers to atgm336h.o(i.parseGpsBuffer) for parseGpsBuffer
    main.o(i.main) refers to atgm336h.o(i.printGpsBuffer) for printGpsBuffer
    main.o(i.main) refers to atof.o(i.atof) for atof
    main.o(i.main) refers to f2d.o(.text) for __aeabi_f2d
    main.o(i.main) refers to printfa.o(i.__0printf) for __2printf
    main.o(i.main) refers to printfa.o(i.__0sprintf) for __2sprintf
    main.o(i.main) refers to onenet.o(i.OneNet_Publish) for OneNet_Publish
    main.o(i.main) refers to esp8266.o(i.ESP8266_Clear) for ESP8266_Clear
    main.o(i.main) refers to esp8266.o(i.ESP8266_GetIPD) for ESP8266_GetIPD
    main.o(i.main) refers to onenet.o(i.OneNet_RevPro) for OneNet_RevPro
    main.o(i.main) refers to main.o(.data) for Sub_topics
    main.o(i.main) refers to usart.o(.bss) for Save_Data
    main.o(i.main) refers to main.o(.conststring) for .conststring
    main.o(i.main) refers to main.o(.bss) for PUT_BUF
    main.o(i.main) refers to main.o(.constdata) for Pub_topics
    main.o(.data) refers to main.o(.conststring) for .conststring
    system_stm32f10x.o(i.SetSysClock) refers to system_stm32f10x.o(i.SetSysClockTo72) for SetSysClockTo72
    system_stm32f10x.o(i.SystemCoreClockUpdate) refers to system_stm32f10x.o(.data) for SystemCoreClock
    system_stm32f10x.o(i.SystemInit) refers to system_stm32f10x.o(i.SetSysClock) for SetSysClock
    key.o(i.KEY1_Get) refers to stm32f10x_gpio.o(i.GPIO_ReadInputDataBit) for GPIO_ReadInputDataBit
    key.o(i.KEY1_Get) refers to delay.o(i.delay_ms) for delay_ms
    key.o(i.KEY1_Get) refers to key.o(.data) for Key1
[...]
    EXTI15_10_IRQHandler                     0x0800015f   Thumb Code     0  startup_stm32f10x_hd.o(.text)
    EXTI2_IRQHandler                         0x0800015f   Thumb Code     0  startup_stm32f10x_hd.o(.text)
    EXTI3_IRQHandler                         0x0800015f   Thumb Code     0  startup_stm32f10x_hd.o(.text)
    EXTI4_IRQHandler                         0x0800015f   Thumb Code     0  startup_stm32f10x_hd.o(.text)
    EXTI9_5_IRQHandler                       0x0800015f   Thumb Code     0  startup_stm32f10x_hd.o(.text)
    FLASH_IRQHandler                         0x0800015f   Thumb Code     0  startup_stm32f10x_hd.o(.text)
    FSMC_IRQHandler                          0x0800015f   Thumb Code     0  startup_stm32f10x_hd.o(.text)
    I2C1_ER_IRQHandler                       0x0800015f   Thumb Code     0  startup_stm32f10x_hd.o(.text)
    I2C1_EV_IRQHandler                       0x0800015f   Thumb Code     0  startup_stm32f10x_hd.o(.text)
    I2C2_ER_IRQHandler                       0x0800015f   Thumb Code     0  startup_stm32f10x_hd.o(.text)
    I2C2_EV_IRQHandler                       0x0800015f   Thumb Code     0  startup_stm32f10x_hd.o(.text)
    PVD_IRQHandler                           0x0800015f   Thumb Code     0  startup_stm32f10x_hd.o(.text)
    RCC_IRQHandler                           0x0800015f   Thumb Code     0  startup_stm32f10x_hd.o(.text)
    RTCAlarm_IRQHandler                      0x0800015f   Thumb Code     0  startup_stm32f10x_hd.o(.text)
    RTC_IRQHandler                           0x0800015f   Thumb Code     0  startup_stm32f10x_hd.o(.text)
    SDIO_IRQHandler                          0x0800015f   Thumb Code     0  startup_stm32f10x_hd.o(.text)
    SPI1_IRQHandler                          0x0800015f   Thumb Code     0  startup_stm32f10x_hd.o(.text)
    SPI2_IRQHandler                          0x0800015f   Thumb Code     0  startup_stm32f10x_hd.o(.text)
    SPI3_IRQHandler                          0x0800015f   Thumb Code     0  startup_stm32f10x_hd.o(.text)
    TAMPER_IRQHandler                        0x0800015f   Thumb Code     0  startup_stm32f10x_hd.o(.text)
    TIM1_BRK_IRQHandler                      0x0800015f   Thumb Code     0  startup_stm32f10x_hd.o(.text)
    TIM1_CC_IRQHandler                       0x0800015f   Thumb Code     0  startup_stm32f10x_hd.o(.text)
    TIM1_TRG_COM_IRQHandler                  0x0800015f   Thumb Code     0  startup_stm32f10x_hd.o(.text)
    TIM1_UP_IRQHandler                       0x0800015f   Thumb Code     0  startup_stm32f10x_hd.o(.text)
    TIM4_IRQHandler                          0x0800015f   Thumb Code     0  startup_stm32f10x_hd.o(.text)
    TIM5_IRQHandler                          0x0800015f   Thumb Code     0  startup_stm32f10x_hd.o(.text)
    TIM6_IRQHandler                          0x0800015f   Thumb Code     0  startup_stm32f10x_hd.o(.text)
    TIM7_IRQHandler                          0x0800015f   Thumb Code     0  startup_stm32f10x_hd.o(.text)
    TIM8_BRK_IRQHandler                      0x0800015f   Thumb Code     0  startup_stm32f10x_hd.o(.text)
    TIM8_CC_IRQHandler                       0x0800015f   Thumb Code     0  startup_stm32f10x_hd.o(.text)
    TIM8_TRG_COM_IRQHandler                  0x0800015f   Thumb Code     0  startup_stm32f10x_hd.o(.text)
    TIM8_UP_IRQHandler                       0x0800015f   Thumb Code     0  startup_stm32f10x_hd.o(.text)
    UART4_IRQHandler                         0x0800015f   Thumb Code     0  startup_stm32f10x_hd.o(.text)
    UART5_IRQHandler                         0x0800015f   Thumb Code     0  startup_stm32f10x_hd.o(.text)
    USART3_IRQHandler                        0x0800015f   Thumb Code     0  startup_stm32f10x_hd.o(.text)
    USBWakeUp_IRQHandler                     0x0800015f   Thumb Code     0  startup_stm32f10x_hd.o(.text)
    USB_HP_CAN1_TX_IRQHandler                0x0800015f   Thumb Code     0  startup_stm32f10x_hd.o(.text)
    USB_LP_CAN1_RX0_IRQHandler               0x0800015f   Thumb Code     0  startup_stm32f10x_hd.o(.text)
    WWDG_IRQHandler                          0x0800015f   Thumb Code     0  startup_stm32f10x_hd.o(.text)
    __aeabi_ldivmod                          0x08000169   Thumb Code    98  ldiv.o(.text)
    __aeabi_memcpy                           0x080001cb   Thumb Code    36  memcpya.o(.text)
    __aeabi_memcpy4                          0x080001cb   Thumb Code     0  memcpya.o(.text)
    __aeabi_memcpy8                          0x080001cb   Thumb Code     0  memcpya.o(.text)
    __aeabi_memset                           0x080001ef   Thumb Code    14  memseta.o(.text)
    __aeabi_memset4                          0x080001ef   Thumb Code     0  memseta.o(.text)
    __aeabi_memset8                          0x080001ef   Thumb Code     0  memseta.o(.text)
    __aeabi_memclr                           0x080001fd   Thumb Code     4  memseta.o(.text)
    __aeabi_memclr4                          0x080001fd   Thumb Code     0  memseta.o(.text)
    __aeabi_memclr8                          0x080001fd   Thumb Code     0  memseta.o(.text)
    _memset$wrapper                          0x08000201   Thumb Code    18  memseta.o(.text)
    strstr                                   0x08000213   Thumb Code    36  strstr.o(.text)
    strchr                                   0x08000237   Thumb Code    20  strchr.o(.text)
    strlen                                   0x0800024b   Thumb Code    14  strlen.o(.text)
    memcmp                                   0x08000259   Thumb Code    26  memcmp.o(.text)
    strncat                                  0x08000273   Thumb Code    40  strncat.o(.text)
    atoi                                     0x0800029b   Thumb Code    26  atoi.o(.text)
    __aeabi_fadd                             0x080002b5   Thumb Code   164  fadd.o(.text)
    __aeabi_fsub                             0x08000359   Thumb Code     6  fadd.o(.text)
    __aeabi_frsub                            0x0800035f   Thumb Code     6  fadd.o(.text)
    __aeabi_fmul                             0x08000365   Thumb Code   100  fmul.o(.text)
    __aeabi_fdiv                             0x080003c9   Thumb Code   124  fdiv.o(.text)
    __aeabi_dadd                             0x08000445   Thumb Code   322  dadd.o(.text)
    __aeabi_dsub                             0x08000587   Thumb Code     6  dadd.o(.text)
    __aeabi_drsub                            0x0800058d   Thumb Code     6  dadd.o(.text)
    __aeabi_dmul                             0x08000593   Thumb Code   228  dmul.o(.text)
    __aeabi_ddiv                             0x08000677   Thumb Code   222  ddiv.o(.text)
    __aeabi_i2f                              0x08000755   Thumb Code    18  fflti.o(.text)
    __aeabi_ui2f                             0x08000767   Thumb Code    10  ffltui.o(.text)
    __aeabi_i2d                              0x08000771   Thumb Code    34  dflti.o(.text)
    __aeabi_ui2d                             0x08000793   Thumb Code    26  dfltui.o(.text)
    __aeabi_f2iz                             0x080007ad   Thumb Code    50  ffixi.o(.text)
    __aeabi_f2uiz                            0x080007df   Thumb Code    40  ffixui.o(.text)
    __aeabi_d2iz                             0x08000807   Thumb Code    62  dfixi.o(.text)
    __aeabi_f2d                              0x08000845   Thumb Code    38  f2d.o(.text)
    __aeabi_cdrcmple                         0x0800086d   Thumb Code    48  cdrcmple.o(.text)
    __aeabi_d2f                              0x0800089d   Thumb Code    56  d2f.o(.text)
    __aeabi_cfcmpeq                          0x080008d5   Thumb Code     0  cfcmple.o(.text)
    __aeabi_cfcmple                          0x080008d5   Thumb Code    20  cfcmple.o(.text)
    __aeabi_cfrcmple                         0x080008e9   Thumb Code    20  cfrcmple.o(.text)
    __aeabi_uidiv                            0x080008fd   Thumb Code     0  uidiv.o(.text)
    __aeabi_uidivmod                         0x080008fd   Thumb Code    44  uidiv.o(.text)
    __aeabi_uldivmod                         0x08000929   Thumb Code    98  uldiv.o(.text)
    __aeabi_llsl                             0x0800098b   Thumb Code    30  llshl.o(.text)
    _ll_shift_l                              0x0800098b   Thumb Code     0  llshl.o(.text)
    __aeabi_llsr                             0x080009a9   Thumb Code    32  llushr.o(.text)
    _ll_ushift_r                             0x080009a9   Thumb Code     0  llushr.o(.text)
    __aeabi_lasr                             0x080009c9   Thumb Code    36  llsshr.o(.text)
    _ll_sshift_r                             0x080009c9   Thumb Code     0  llsshr.o(.text)
    __strtod_int                             0x08000a23   Thumb Code    88  strtod.o(.text)
    strtol                                   0x08000a89   Thumb Code   112  strtol.o(.text)
    __I$use$fp                               0x08000af9   Thumb Code     0  iusefp.o(.text)
    _float_round                             0x08000af9   Thumb Code    18  fepilogue.o(.text)
    _float_epilogue                          0x08000b0b   Thumb Code    92  fepilogue.o(.text)
    _double_round                            0x08000b67   Thumb Code    30  depilogue.o(.text)
    _double_epilogue                         0x08000b85   Thumb Code   156  depilogue.o(.text)
    __ARM_scalbn                             0x08000c21   Thumb Code    46  dscalb.o(.text)
    scalbn                                   0x08000c21   Thumb Code     0  dscalb.o(.text)
    _dsqrt                                   0x08000c4f   Thumb Code   162  dsqrt.o(.text)
    __aeabi_d2ulz                            0x08000cf1   Thumb Code    48  dfixul.o(.text)
    __scatterload                            0x08000d21   Thumb Code    28  init.o(.text)
    __scatterload_rt2                        0x08000d21   Thumb Code     0  init.o(.text)
    __rt_ctype_table                         0x08000d45   Thumb Code     4  ctype_o.o(.text)
    isspace                                  0x08000d4d   Thumb Code    18  isspace_o.o(.text)
    _scanf_real                              0x08000e61   Thumb Code     0  scanf_fp.o(.text)
    _scanf_really_real                       0x08000e61   Thumb Code   556  scanf_fp.o(.text)
    _sgetc                                   0x08001099   Thumb Code    30  _sgetc.o(.text)
    _sbackspace                              0x080010b7   Thumb Code    34  _sgetc.o(.text)
    _strtoul                                 0x080010d9   Thumb Code   158  _strtoul.o(.text)
    _chval                                   0x08001177   Thumb Code    28  _chval.o(.text)
    __aeabi_ul2d                             0x08001193   Thumb Code    24  dfltul.o(.text)
    __decompress                             0x080011ab   Thumb Code     0  __dclz77c.o(.text)
    __decompress2                            0x080011ab   Thumb Code    94  __dclz77c.o(.text)
    ADCX                                     0x08001209   Thumb Code   112  main.o(i.ADCX)
    ADC_Cmd                                  0x080012a1   Thumb Code    22  stm32f10x_adc.o(i.ADC_Cmd)
    ADC_DeInit                               0x080012b9   Thumb Code    78  stm32f10x_adc.o(i.ADC_DeInit)
    ADC_GetCalibrationStatus                 0x08001315   Thumb Code    20  stm32f10x_adc.o(i.ADC_GetCalibrationStatus)
    ADC_GetConversionValue                   0x08001329   Thumb Code     8  stm32f10x_adc.o(i.ADC_GetConversionValue)
    ADC_GetFlagStatus                        0x08001331   Thumb Code    18  stm32f10x_adc.o(i.ADC_GetFlagStatus)
    ADC_GetResetCalibrationStatus            0x08001343   Thumb Code    20  stm32f10x_adc.o(i.ADC_GetResetCalibrationStatus)
    ADC_Init                                 0x08001359   Thumb Code    70  stm32f10x_adc.o(i.ADC_Init)
    ADC_RegularChannelConfig                 0x080013a9   Thumb Code   184  stm32f10x_adc.o(i.ADC_RegularChannelConfig)
    ADC_ResetCalibration                     0x08001461   Thumb Code    10  stm32f10x_adc.o(i.ADC_ResetCalibration)
    ADC_SoftwareStartConvCmd                 0x0800146b   Thumb Code    22  stm32f10x_adc.o(i.ADC_SoftwareStartConvCmd)
    ADC_StartCalibration                     0x08001481   Thumb Code    10  stm32f10x_adc.o(i.ADC_StartCalibration)
    Adc_Init                                 0x0800148d   Thumb Code   132  adc.o(i.Adc_Init)
    BEEP_Init                                0x08001519   Thumb Code    36  beep.o(i.BEEP_Init)
    BusFault_Handler                         0x08001541   Thumb Code     4  stm32f10x_it.o(i.BusFault_Handler)
    CLR_Buf                                  0x08001545   Thumb Code    18  usart.o(i.CLR_Buf)
    DebugMon_Handler                         0x08001561   Thumb Code     2  stm32f10x_it.o(i.DebugMon_Handler)
    ESP8266_Clear                            0x08001565   Thumb Code    20  esp8266.o(i.ESP8266_Clear)
    ESP8266_GetIPD                           0x08001581   Thumb Code    68  esp8266.o(i.ESP8266_GetIPD)
    ESP8266_Init                             0x080015d1   Thumb Code   234  esp8266.o(i.ESP8266_Init)
    ESP8266_SendCmd                          0x08001775   Thumb Code    74  esp8266.o(i.ESP8266_SendCmd)
    ESP8266_SendData                         0x080017c5   Thumb Code    46  esp8266.o(i.ESP8266_SendData)
    ESP8266_WaitRecive                       0x08001809   Thumb Code    42  esp8266.o(i.ESP8266_WaitRecive)
    EXTI0_IRQHandler                         0x0800183d   Thumb Code    20  exti.o(i.EXTI0_IRQHandler)
    EXTI1_IRQHandler                         0x08001851   Thumb Code    10  exti.o(i.EXTI1_IRQHandler)
    EXTIX_Init                               0x0800185b   Thumb Code   136  exti.o(i.EXTIX_Init)
    EXTI_ClearITPendingBit                   0x080018e5   Thumb Code     6  stm32f10x_exti.o(i.EXTI_ClearITPendingBit)
    EXTI_Init                                0x080018f1   Thumb Code   142  stm32f10x_exti.o(i.EXTI_Init)
    GPIO_EXTILineConfig                      0x08001985   Thumb Code    60  stm32f10x_gpio.o(i.GPIO_EXTILineConfig)
    GPIO_Init                                0x080019c5   Thumb Code   278  stm32f10x_gpio.o(i.GPIO_Init)
    GPIO_PinRemapConfig                      0x08001add   Thumb Code   138  stm32f10x_gpio.o(i.GPIO_PinRemapConfig)
    GPIO_ReadInputDataBit                    0x08001b6d   Thumb Code    18  stm32f10x_gpio.o(i.GPIO_ReadInputDataBit)
    GPIO_ResetBits                           0x08001b7f   Thumb Code     4  stm32f10x_gpio.o(i.GPIO_ResetBits)
    GPIO_SetBits                             0x08001b83   Thumb Code     4  stm32f10x_gpio.o(i.GPIO_SetBits)
    GPIO_WriteBit                            0x08001b87   Thumb Code    10  stm32f10x_gpio.o(i.GPIO_WriteBit)
    Get_Adc                                  0x08001b91   Thumb Code    46  adc.o(i.Get_Adc)
    Get_Adc_Average                          0x08001bc5   Thumb Code    46  adc.o(i.Get_Adc_Average)
    HardFault_Handler                        0x08001bf3   Thumb Code     4  stm32f10x_it.o(i.HardFault_Handler)
    Hardware_Init                            0x08001bf9   Thumb Code   106  main.o(i.Hardware_Init)
    IIC_Ack                                  0x08001c75   Thumb Code    66  maxiic.o(i.IIC_Ack)
    IIC_Init                                 0x08001cc5   Thumb Code    52  maxiic.o(i.IIC_Init)
    IIC_NAck                                 0x08001d05   Thumb Code    66  maxiic.o(i.IIC_NAck)
    IIC_Read_Byte                            0x08001d55   Thumb Code    98  maxiic.o(i.IIC_Read_Byte)
    IIC_Send_Byte                            0x08001dc5   Thumb Code    90  maxiic.o(i.IIC_Send_Byte)
    IIC_Start                                0x08001e2d   Thumb Code    64  maxiic.o(i.IIC_Start)
    IIC_Stop                                 0x08001e79   Thumb Code    62  maxiic.o(i.IIC_Stop)
    IIC_Wait_Ack                             0x08001ec5   Thumb Code    86  maxiic.o(i.IIC_Wait_Ack)
    KEY1_Get                                 0x08001f29   Thumb Code    62  key.o(i.KEY1_Get)
    KEY2_Get                                 0x08001f71   Thumb Code    62  key.o(i.KEY2_Get)
    KEY_Init                                 0x08001fb9   Thumb Code    34  key.o(i.KEY_Init)
    KEY_Scan                                 0x08001fe1   Thumb Code   110  key.o(i.KEY_Scan)
    LED_Init                                 0x08002059   Thumb Code    84  led.o(i.LED_Init)
    MAX30102_data_set                        0x080020b5   Thumb Code   240  max30102.o(i.MAX30102_data_set)
    MAX30102_get                             0x080021dd   Thumb Code   638  max30102.o(i.MAX30102_get)
    MPU_Get_Accelerometer                    0x080024d1   Thumb Code    80  mpu6050.o(i.MPU_Get_Accelerometer)
    MPU_IIC_Ack                              0x08002521   Thumb Code    66  myiic.o(i.MPU_IIC_Ack)
    MPU_IIC_Init                             0x08002571   Thumb Code    46  myiic.o(i.MPU_IIC_Init)
    MPU_IIC_NAck                             0x080025a5   Thumb Code    66  myiic.o(i.MPU_IIC_NAck)
    MPU_IIC_Read_Byte                        0x080025f5   Thumb Code    98  myiic.o(i.MPU_IIC_Read_Byte)
    MPU_IIC_Send_Byte                        0x08002665   Thumb Code    90  myiic.o(i.MPU_IIC_Send_Byte)
    MPU_IIC_Start                            0x080026cd   Thumb Code    64  myiic.o(i.MPU_IIC_Start)
    MPU_IIC_Stop                             0x08002719   Thumb Code    62  myiic.o(i.MPU_IIC_Stop)
    MPU_IIC_Wait_Ack                         0x08002765   Thumb Code    86  myiic.o(i.MPU_IIC_Wait_Ack)
    MPU_Init                                 0x080027c9   Thumb Code   122  mpu6050.o(i.MPU_Init)
    MPU_Read_Byte                            0x08002843   Thumb Code    58  mpu6050.o(i.MPU_Read_Byte)
    MPU_Read_Len                             0x0800287d   Thumb Code   116  mpu6050.o(i.MPU_Read_Len)
    MPU_Set_Accel_Fsr                        0x080028f1   Thumb Code    16  mpu6050.o(i.MPU_Set_Accel_Fsr)
    MPU_Set_Gyro_Fsr                         0x08002901   Thumb Code    16  mpu6050.o(i.MPU_Set_Gyro_Fsr)
    MPU_Set_LPF                              0x08002911   Thumb Code    58  mpu6050.o(i.MPU_Set_LPF)
    MPU_Set_Rate                             0x0800294b   Thumb Code    58  mpu6050.o(i.MPU_Set_Rate)
    MPU_Write_Byte                           0x08002985   Thumb Code    68  mpu6050.o(i.MPU_Write_Byte)
    MPU_Write_Len                            0x080029c9   Thumb Code    96  mpu6050.o(i.MPU_Write_Len)
    MQTT_DeleteBuffer                        0x08002a29   Thumb Code    28  mqttkit.o(i.MQTT_DeleteBuffer)
    MQTT_DumpLength                          0x08002a45   Thumb Code    46  mqttkit.o(i.MQTT_DumpLength)
    MQTT_NewBuffer                           0x08002a73   Thumb Code    88  mqttkit.o(i.MQTT_NewBuffer)
    MQTT_PacketCmdResp                       0x08002acd   Thumb Code   132  mqttkit.o(i.MQTT_PacketCmdResp)
    MQTT_PacketConnect                       0x08002b59   Thumb Code   666  mqttkit.o(i.MQTT_PacketConnect)
    MQTT_PacketPublish                       0x08002df9   Thumb Code   440  mqttkit.o(i.MQTT_PacketPublish)
    MQTT_PacketPublishComp                   0x08002fb1   Thumb Code    72  mqttkit.o(i.MQTT_PacketPublishComp)
    MQTT_PacketPublishRel                    0x08002ff9   Thumb Code    72  mqttkit.o(i.MQTT_PacketPublishRel)
    MQTT_PacketSubscribe                     0x08003041   Thumb Code   254  mqttkit.o(i.MQTT_PacketSubscribe)
    MQTT_ReadLength                          0x0800313f   Thumb Code    70  mqttkit.o(i.MQTT_ReadLength)
    MQTT_UnPacketCmd                         0x08003185   Thumb Code   140  mqttkit.o(i.MQTT_UnPacketCmd)
    MQTT_UnPacketConnectAck                  0x08003211   Thumb Code    30  mqttkit.o(i.MQTT_UnPacketConnectAck)
    MQTT_UnPacketPublish                     0x08003231   Thumb Code   438  mqttkit.o(i.MQTT_UnPacketPublish)
    MQTT_UnPacketPublishAck                  0x080033f1   Thumb Code    30  mqttkit.o(i.MQTT_UnPacketPublishAck)
    MQTT_UnPacketPublishComp                 0x0800340f   Thumb Code    30  mqttkit.o(i.MQTT_UnPacketPublishComp)
    MQTT_UnPacketPublishRec                  0x0800342d   Thumb Code    30  mqttkit.o(i.MQTT_UnPacketPublishRec)
    MQTT_UnPacketPublishRel                  0x0800344b   Thumb Code    36  mqttkit.o(i.MQTT_UnPacketPublishRel)
    MQTT_UnPacketRecv                        0x08003471   Thumb Code   106  mqttkit.o(i.MQTT_UnPacketRecv)
    MQTT_UnPacketSubscribe                   0x080034e5   Thumb Code    52  mqttkit.o(i.MQTT_UnPacketSubscribe)
    MQTT_UnPacketUnSubscribe                 0x08003519   Thumb Code    18  mqttkit.o(i.MQTT_UnPacketUnSubscribe)
    MemManage_Handler                        0x0800352b   Thumb Code     4  stm32f10x_it.o(i.MemManage_Handler)
    Menu_key_set                             0x08003531   Thumb Code   148  menu.o(i.Menu_key_set)
    NMI_Handler                              0x080035dd   Thumb Code     2  stm32f10x_it.o(i.NMI_Handler)
    NVIC_Init                                0x080035e1   Thumb Code   100  misc.o(i.NVIC_Init)
    NVIC_PriorityGroupConfig                 0x08003651   Thumb Code    10  misc.o(i.NVIC_PriorityGroupConfig)
    OLED_Clear                               0x08003665   Thumb Code    62  oled.o(i.OLED_Clear)
    OLED_Display_On                          0x080036a3   Thumb Code    28  oled.o(i.OLED_Display_On)
    OLED_IIC_Start                           0x080036c1   Thumb Code    44  oled.o(i.OLED_IIC_Start)
    OLED_IIC_Stop                            0x080036f1   Thumb Code    34  oled.o(i.OLED_IIC_Stop)
    OLED_IIC_Wait_Ack                        0x08003719   Thumb Code    24  oled.o(i.OLED_IIC_Wait_Ack)
    OLED_Init                                0x08003735   Thumb Code   282  oled.o(i.OLED_Init)
    OLED_Set_Pos                             0x08003859   Thumb Code    40  oled.o(i.OLED_Set_Pos)
    OLED_ShowCHinese                         0x08003881   Thumb Code    98  oled.o(i.OLED_ShowCHinese)
    OLED_ShowChar                            0x080038e9   Thumb Code   154  oled.o(i.OLED_ShowChar)
    OLED_ShowNumber                          0x0800398d   Thumb Code   136  oled.o(i.OLED_ShowNumber)
    OLED_ShowString                          0x08003a15   Thumb Code    54  oled.o(i.OLED_ShowString)
    OLED_WR_Byte                             0x08003a4b   Thumb Code    24  oled.o(i.OLED_WR_Byte)
    OLED_Write_IIC_Byte                      0x08003a65   Thumb Code    88  oled.o(i.OLED_Write_IIC_Byte)
    OLED_Write_IIC_Command                   0x08003ac1   Thumb Code    44  oled.o(i.OLED_Write_IIC_Command)
    OLED_Write_IIC_Data                      0x08003aed   Thumb Code    44  oled.o(i.OLED_Write_IIC_Data)
    OneNet_DevLink                           0x08003b19   Thumb Code   192  onenet.o(i.OneNet_DevLink)
    OneNet_Publish                           0x08003d29   Thumb Code    84  onenet.o(i.OneNet_Publish)
    OneNet_RevPro                            0x08003d9d   Thumb Code   696  onenet.o(i.OneNet_RevPro)
    OneNet_Subscribe                         0x0800427d   Thumb Code    78  onenet.o(i.OneNet_Subscribe)
    PEC_Calculation                          0x080042e5   Thumb Code   186  mlx90614.o(i.PEC_Calculation)
    PendSV_Handler                           0x0800439f   Thumb Code     2  stm32f10x_it.o(i.PendSV_Handler)
    RCC_ADCCLKConfig                         0x080043a1   Thumb Code    18  stm32f10x_rcc.o(i.RCC_ADCCLKConfig)
    RCC_APB1PeriphClockCmd                   0x080043b9   Thumb Code    26  stm32f10x_rcc.o(i.RCC_APB1PeriphClockCmd)
    RCC_APB2PeriphClockCmd                   0x080043d9   Thumb Code    26  stm32f10x_rcc.o(i.RCC_APB2PeriphClockCmd)
    RCC_APB2PeriphResetCmd                   0x080043f9   Thumb Code    26  stm32f10x_rcc.o(i.RCC_APB2PeriphResetCmd)
    RCC_GetClocksFreq                        0x08004419   Thumb Code   192  stm32f10x_rcc.o(i.RCC_GetClocksFreq)
    SMBus_Delay                              0x080044ed   Thumb Code    26  mlx90614.o(i.SMBus_Delay)
    SMBus_Init                               0x08004509   Thumb Code    60  mlx90614.o(i.SMBus_Init)
    SMBus_ReadMemory                         0x08004549   Thumb Code   166  mlx90614.o(i.SMBus_ReadMemory)
    SMBus_ReadTemp                           0x080045f1   Thumb Code    54  mlx90614.o(i.SMBus_ReadTemp)
    SMBus_ReceiveBit                         0x08004635   Thumb Code    74  mlx90614.o(i.SMBus_ReceiveBit)
    SMBus_ReceiveByte                        0x08004685   Thumb Code    50  mlx90614.o(i.SMBus_ReceiveByte)
    SMBus_SendBit                            0x080046b9   Thumb Code    72  mlx90614.o(i.SMBus_SendBit)
    SMBus_SendByte                           0x08004705   Thumb Code    52  mlx90614.o(i.SMBus_SendByte)
    SMBus_StartBit                           0x08004739   Thumb Code    72  mlx90614.o(i.SMBus_StartBit)
    SMBus_StopBit                            0x08004785   Thumb Code    66  mlx90614.o(i.SMBus_StopBit)
    SV17F_Init                               0x080047cd   Thumb Code   146  sv17f.o(i.SV17F_Init)
    SVC_Handler                              0x08004865   Thumb Code     2  stm32f10x_it.o(i.SVC_Handler)
    SysTick_CLKSourceConfig                  0x08004951   Thumb Code    40  misc.o(i.SysTick_CLKSourceConfig)
    SysTick_Handler                          0x08004979   Thumb Code     2  stm32f10x_it.o(i.SysTick_Handler)
    SystemInit                               0x0800497d   Thumb Code    78  system_stm32f10x.o(i.SystemInit)
    TIM2_IRQHandler                          0x080049dd   Thumb Code    22  timer.o(i.TIM2_IRQHandler)
    TIM2_Int_Init                            0x080049f3   Thumb Code    92  timer.o(i.TIM2_Int_Init)
    TIM3_IRQHandler                          0x08004a51   Thumb Code   162  timer.o(i.TIM3_IRQHandler)
    TIM3_Int_Init                            0x08004b11   Thumb Code    90  timer.o(i.TIM3_Int_Init)
    TIM_ClearITPendingBit                    0x08004b71   Thumb Code     6  stm32f10x_tim.o(i.TIM_ClearITPendingBit)
    TIM_Cmd                                  0x08004b77   Thumb Code    24  stm32f10x_tim.o(i.TIM_Cmd)
    TIM_GetITStatus                          0x08004b8f   Thumb Code    34  stm32f10x_tim.o(i.TIM_GetITStatus)
    TIM_ITConfig                             0x08004bb1   Thumb Code    18  stm32f10x_tim.o(i.TIM_ITConfig)
    TIM_TimeBaseInit                         0x08004bc5   Thumb Code   122  stm32f10x_tim.o(i.TIM_TimeBaseInit)
    USART1_IRQHandler                        0x08004c69   Thumb Code   134  usart.o(i.USART1_IRQHandler)
    USART2_IRQHandler                        0x08004d01   Thumb Code    62  esp8266.o(i.USART2_IRQHandler)
    USART_ClearFlag                          0x08004d4d   Thumb Code    18  stm32f10x_usart.o(i.USART_ClearFlag)
    USART_Cmd                                0x08004d5f   Thumb Code    24  stm32f10x_usart.o(i.USART_Cmd)
    USART_GetFlagStatus                      0x08004d77   Thumb Code    26  stm32f10x_usart.o(i.USART_GetFlagStatus)
    USART_GetITStatus                        0x08004d91   Thumb Code    84  stm32f10x_usart.o(i.USART_GetITStatus)
    USART_ITConfig                           0x08004de5   Thumb Code    74  stm32f10x_usart.o(i.USART_ITConfig)
    USART_Init                               0x08004e31   Thumb Code   210  stm32f10x_usart.o(i.USART_Init)
    USART_ReceiveData                        0x08004f09   Thumb Code    10  stm32f10x_usart.o(i.USART_ReceiveData)
    USART_SendData                           0x08004f13   Thumb Code     8  stm32f10x_usart.o(i.USART_SendData)
    UsageFault_Handler                       0x08004f1b   Thumb Code     4  stm32f10x_it.o(i.UsageFault_Handler)
    Usart2_Init                              0x08004f21   Thumb Code   162  esp8266.o(i.Usart2_Init)
    Usart2_SendString                        0x08004fcd   Thumb Code    44  esp8266.o(i.Usart2_SendString)
    __0printf                                0x08004ffd   Thumb Code    22  printfa.o(i.__0printf)
    __1printf                                0x08004ffd   Thumb Code     0  printfa.o(i.__0printf)
    __2printf                                0x08004ffd   Thumb Code     0  printfa.o(i.__0printf)
    __c89printf                              0x08004ffd   Thumb Code     0  printfa.o(i.__0printf)
    printf                                   0x08004ffd   Thumb Code     0  printfa.o(i.__0printf)
    __0sprintf                               0x0800501d   Thumb Code    34  printfa.o(i.__0sprintf)
    __1sprintf                               0x0800501d   Thumb Code     0  printfa.o(i.__0sprintf)
    __2sprintf                               0x0800501d   Thumb Code     0  printfa.o(i.__0sprintf)
    __c89sprintf                             0x0800501d   Thumb Code     0  printfa.o(i.__0sprintf)
    sprintf                                  0x0800501d   Thumb Code     0  printfa.o(i.__0sprintf)
    __ARM_fpclassify                         0x08005045   Thumb Code    40  fpclassify.o(i.__ARM_fpclassify)
    __aeabi_errno_addr                       0x0800506d   Thumb Code     4  errno.o(i.__aeabi_errno_addr)
    __rt_errno_addr                          0x0800506d   Thumb Code     0  errno.o(i.__aeabi_errno_addr)
    __kernel_poly                            0x08005075   Thumb Code   170  poly.o(i.__kernel_poly)
    __mathlib_dbl_infnan                     0x0800511f   Thumb Code     6  dunder.o(i.__mathlib_dbl_infnan)
    __mathlib_dbl_infnan2                    0x08005125   Thumb Code     4  dunder.o(i.__mathlib_dbl_infnan2)
    __mathlib_dbl_invalid                    0x08005129   Thumb Code    12  dunder.o(i.__mathlib_dbl_invalid)
    __mathlib_dbl_underflow                  0x08005135   Thumb Code    10  dunder.o(i.__mathlib_dbl_underflow)
    __read_errno                             0x08005145   Thumb Code     6  errno.o(i.__read_errno)
    __scatterload_copy                       0x08005151   Thumb Code    14  handlers.o(i.__scatterload_copy)
    __scatterload_null                       0x0800515f   Thumb Code     2  handlers.o(i.__scatterload_null)
    __scatterload_zeroinit                   0x08005161   Thumb Code    14  handlers.o(i.__scatterload_zeroinit)
    __set_errno                              0x08005171   Thumb Code     6  errno.o(i.__set_errno)
    _is_digit                                0x080052e1   Thumb Code    14  scanf_fp.o(i._is_digit)
    asin                                     0x08005ad1   Thumb Code   572  asin.o(i.asin)
    atan                                     0x08005d41   Thumb Code   474  atan.o(i.atan)
    atan2                                    0x08005f61   Thumb Code   346  atan2.o(i.atan2)
    atof                                     0x080060e1   Thumb Code    42  atof.o(i.atof)
    delay_init                               0x08006171   Thumb Code    50  delay.o(i.delay_init)
    delay_ms                                 0x080061b5   Thumb Code    72  delay.o(i.delay_ms)
    delay_us                                 0x08006201   Thumb Code    72  delay.o(i.delay_us)
    dis_DrawCurve                            0x0800624d   Thumb Code   108  max30102.o(i.dis_DrawCurve)
    dmp_enable_6x_lp_quat                    0x080062b9   Thumb Code    60  inv_mpu_dmp_motion_driver.o(i.dmp_enable_6x_lp_quat)
    dmp_enable_feature                       0x080062f5   Thumb Code   530  inv_mpu_dmp_motion_driver.o(i.dmp_enable_feature)
    dmp_enable_gyro_cal                      0x08006511   Thumb Code    62  inv_mpu_dmp_motion_driver.o(i.dmp_enable_gyro_cal)
    dmp_enable_lp_quat                       0x08006569   Thumb Code    60  inv_mpu_dmp_motion_driver.o(i.dmp_enable_lp_quat)
    dmp_load_motion_driver_firmware          0x080065a5   Thumb Code    20  inv_mpu_dmp_motion_driver.o(i.dmp_load_motion_driver_firmware)
    dmp_read_fifo                            0x080065bd   Thumb Code   456  inv_mpu_dmp_motion_driver.o(i.dmp_read_fifo)
    dmp_set_accel_bias                       0x08006789   Thumb Code   300  inv_mpu_dmp_motion_driver.o(i.dmp_set_accel_bias)
    dmp_set_fifo_rate                        0x080068b9   Thumb Code    96  inv_mpu_dmp_motion_driver.o(i.dmp_set_fifo_rate)
    dmp_set_gyro_bias                        0x08006929   Thumb Code   294  inv_mpu_dmp_motion_driver.o(i.dmp_set_gyro_bias)
    dmp_set_orientation                      0x08006a59   Thumb Code   290  inv_mpu_dmp_motion_driver.o(i.dmp_set_orientation)
    dmp_set_shake_reject_thresh              0x08006b91   Thumb Code    56  inv_mpu_dmp_motion_driver.o(i.dmp_set_shake_reject_thresh)
    dmp_set_shake_reject_time                0x08006bc9   Thumb Code    38  inv_mpu_dmp_motion_driver.o(i.dmp_set_shake_reject_time)
    dmp_set_shake_reject_timeout             0x08006bef   Thumb Code    38  inv_mpu_dmp_motion_driver.o(i.dmp_set_shake_reject_timeout)
    dmp_set_tap_axes                         0x08006c15   Thumb Code    70  inv_mpu_dmp_motion_driver.o(i.dmp_set_tap_axes)
    dmp_set_tap_count                        0x08006c5b   Thumb Code    38  inv_mpu_dmp_motion_driver.o(i.dmp_set_tap_count)
    dmp_set_tap_thresh                       0x08006c81   Thumb Code   396  inv_mpu_dmp_motion_driver.o(i.dmp_set_tap_thresh)
    dmp_set_tap_time                         0x08006e21   Thumb Code    38  inv_mpu_dmp_motion_driver.o(i.dmp_set_tap_time)
    dmp_set_tap_time_multi                   0x08006e47   Thumb Code    38  inv_mpu_dmp_motion_driver.o(i.dmp_set_tap_time_multi)
    errorLog                                 0x08006e6d   Thumb Code    14  atgm336h.o(i.errorLog)
    fputc                                    0x08006e89   Thumb Code    24  usart.o(i.fputc)
    free                                     0x08006ea5   Thumb Code    76  malloc.o(i.free)
    inv_orientation_matrix_to_scalar         0x08007529   Thumb Code    40  inv_mpu.o(i.inv_orientation_matrix_to_scalar)
    inv_row_2_scale                          0x08007551   Thumb Code    78  inv_mpu.o(i.inv_row_2_scale)
    main                                     0x080075a1   Thumb Code   724  main.o(i.main)
    malloc                                   0x08007959   Thumb Code    92  malloc.o(i.malloc)
    max30102_Bus_Read                        0x080079c5   Thumb Code    82  max30102.o(i.max30102_Bus_Read)
    max30102_Bus_Write                       0x08007a17   Thumb Code    68  max30102.o(i.max30102_Bus_Write)
    max30102_FIFO_ReadBytes                  0x08007a5b   Thumb Code   128  max30102.o(i.max30102_FIFO_ReadBytes)
    max30102_init                            0x08007add   Thumb Code   128  max30102.o(i.max30102_init)
    max30102_reset                           0x08007b61   Thumb Code    20  max30102.o(i.max30102_reset)
    maxim_find_peaks                         0x08007b75   Thumb Code    66  algorithm.o(i.maxim_find_peaks)
    maxim_heart_rate_and_oxygen_saturation   0x08007bb9   Thumb Code  1272  algorithm.o(i.maxim_heart_rate_and_oxygen_saturation)
    maxim_peaks_above_min_height             0x080080b9   Thumb Code   122  algorithm.o(i.maxim_peaks_above_min_height)
    maxim_remove_close_peaks                 0x08008133   Thumb Code   114  algorithm.o(i.maxim_remove_close_peaks)
    maxim_sort_ascend                        0x080081a5   Thumb Code    54  algorithm.o(i.maxim_sort_ascend)
    maxim_sort_indices_descend               0x080081db   Thumb Code    64  algorithm.o(i.maxim_sort_indices_descend)
    mget_ms                                  0x0800821b   Thumb Code     2  inv_mpu.o(i.mget_ms)
    mpu_configure_fifo                       0x0800821d   Thumb Code   106  inv_mpu.o(i.mpu_configure_fifo)
    mpu_dmp_get_data                         0x0800828d   Thumb Code   544  inv_mpu.o(i.mpu_dmp_get_data)
    mpu_dmp_init                             0x080084b1   Thumb Code   154  inv_mpu.o(i.mpu_dmp_init)
    mpu_get_accel_fsr                        0x08008551   Thumb Code    72  inv_mpu.o(i.mpu_get_accel_fsr)
    mpu_get_accel_sens                       0x0800859d   Thumb Code    78  inv_mpu.o(i.mpu_get_accel_sens)
    mpu_get_fifo_config                      0x080085f1   Thumb Code    12  inv_mpu.o(i.mpu_get_fifo_config)
    mpu_get_gyro_fsr                         0x08008601   Thumb Code    64  inv_mpu.o(i.mpu_get_gyro_fsr)
    mpu_get_gyro_sens                        0x08008645   Thumb Code    58  inv_mpu.o(i.mpu_get_gyro_sens)
    mpu_get_lpf                              0x08008695   Thumb Code    74  inv_mpu.o(i.mpu_get_lpf)
    mpu_get_sample_rate                      0x080086e5   Thumb Code    26  inv_mpu.o(i.mpu_get_sample_rate)
    mpu_init                                 0x08008705   Thumb Code   416  inv_mpu.o(i.mpu_init)
    mpu_load_firmware                        0x080088f5   Thumb Code   180  inv_mpu.o(i.mpu_load_firmware)
    mpu_lp_accel_mode                        0x080089ad   Thumb Code   218  inv_mpu.o(i.mpu_lp_accel_mode)
    mpu_read_fifo_stream                     0x08008a8d   Thumb Code   186  inv_mpu.o(i.mpu_read_fifo_stream)
    mpu_read_mem                             0x08008b4d   Thumb Code   122  inv_mpu.o(i.mpu_read_mem)
    mpu_reset_fifo                           0x08008bcd   Thumb Code   450  inv_mpu.o(i.mpu_reset_fifo)
    mpu_run_self_test                        0x08008d95   Thumb Code   278  inv_mpu.o(i.mpu_run_self_test)
    mpu_set_accel_fsr                        0x08008eb1   Thumb Code   126  inv_mpu.o(i.mpu_set_accel_fsr)
    mpu_set_bypass                           0x08008f35   Thumb Code   328  inv_mpu.o(i.mpu_set_bypass)
    mpu_set_dmp_state                        0x08009081   Thumb Code   138  inv_mpu.o(i.mpu_set_dmp_state)
    mpu_set_gyro_fsr                         0x08009111   Thumb Code   132  inv_mpu.o(i.mpu_set_gyro_fsr)
    mpu_set_int_latched                      0x08009199   Thumb Code   102  inv_mpu.o(i.mpu_set_int_latched)
    mpu_set_lpf                              0x08009205   Thumb Code   126  inv_mpu.o(i.mpu_set_lpf)
    mpu_set_sample_rate                      0x08009289   Thumb Code   152  inv_mpu.o(i.mpu_set_sample_rate)
    mpu_set_sensors                          0x08009325   Thumb Code   202  inv_mpu.o(i.mpu_set_sensors)
    mpu_write_mem                            0x080093f5   Thumb Code   122  inv_mpu.o(i.mpu_write_mem)
    oled_pow                                 0x08009475   Thumb Code    22  oled.o(i.oled_pow)
    parseGpsBuffer                           0x0800948d   Thumb Code   236  atgm336h.o(i.parseGpsBuffer)
    printGpsBuffer                           0x08009599   Thumb Code   148  atgm336h.o(i.printGpsBuffer)
    run_self_test                            0x080096c1   Thumb Code   148  inv_mpu.o(i.run_self_test)
    show0                                    0x080097e5   Thumb Code   208  menu.o(i.show0)
    show1                                    0x080098bd   Thumb Code   208  menu.o(i.show1)
    show2                                    0x08009995   Thumb Code   208  menu.o(i.show2)
    show3                                    0x08009a6d   Thumb Code   266  menu.o(i.show3)
    show4                                    0x08009ba5   Thumb Code    94  menu.o(i.show4)
    show5                                    0x08009c0d   Thumb Code   262  menu.o(i.show5)
    show6                                    0x08009d31   Thumb Code    76  menu.o(i.show6)
    sqrt                                     0x08009d81   Thumb Code    76  sqrt.o(i.sqrt)
    uart_init                                0x08009dcd   Thumb Code   156  usart.o(i.uart_init)
    Pub_topics                               0x08009e70   Data          32  main.o(.constdata)
    F6x8                                     0x08009e90   Data         552  oled.o(.constdata)
    F8X16                                    0x0800a0b8   Data        1520  oled.o(.constdata)
    reg                                      0x0800a6a8   Data          27  inv_mpu.o(.constdata)
    hw                                       0x0800a6c4   Data          12  inv_mpu.o(.constdata)
    test                                     0x0800a6d0   Data          40  inv_mpu.o(.constdata)
    auw_hamm                                 0x0800b2ee   Data          62  algorithm.o(.constdata)
    uch_spo2_table                           0x0800b32c   Data         184  algorithm.o(.constdata)
    __mathlib_zero                           0x0800b4d0   Data           8  qnan.o(.constdata)
    __ctype_table                            0x0800b4d8   Data         129  ctype_o.o(.constdata)
    Region$$Table$$Base                      0x0800b738   Number         0  anon$$obj.o(Region$$Table)
    Region$$Table$$Limit                     0x0800b758   Number         0  anon$$obj.o(Region$$Table)
    Heart                                    0x20000000   Data           1  main.o(.data)
    Bloodox                                  0x20000001   Data           1  main.o(.data)
    TempY                                    0x20000004   Data           4  main.o(.data)
    Bloodpr                                  0x20000008   Data           4  main.o(.data)
    FlagCA                                   0x2000000c   Data           1  main.o(.data)
    oledshow                                 0x2000000d   Data           1  main.o(.data)
    HR                                       0x2000000e   Data           1  main.o(.data)
    SPO2                                     0x2000000f   Data           1  main.o(.data)
    DSB                                      0x20000010   Data           2  main.o(.data)
    Temp                                     0x20000014   Data           4  main.o(.data)
    Flag                                     0x20000018   Data           1  main.o(.data)
    Flag1                                    0x20000019   Data           1  main.o(.data)
    Flag2                                    0x2000001a   Data           1  main.o(.data)
    Flag3                                    0x2000001b   Data           1  main.o(.data)
    aacx                                     0x2000001c   Data           2  main.o(.data)
    aacy                                     0x2000001e   Data           2  main.o(.data)
    aacz                                     0x20000020   Data           2  main.o(.data)
    a                                        0x20000028   Data           8  main.o(.data)
    svm                                      0x20000030   Data           8  main.o(.data)
    pitch                                    0x20000038   Data           4  main.o(.data)
    roll                                     0x2000003c   Data           4  main.o(.data)
    yaw                                      0x20000040   Data           4  main.o(.data)
    Sub_topics                               0x20000044   Data           4  main.o(.data)
    ad1                                      0x20000048   Data           4  main.o(.data)
    ad2                                      0x2000004c   Data           4  main.o(.data)
    v1                                       0x20000050   Data           4  main.o(.data)
    v2                                       0x20000054   Data           4  main.o(.data)
    p                                        0x20000058   Data           4  main.o(.data)
    blood                                    0x2000005c   Data           4  main.o(.data)
    longitude                                0x20000060   Data           8  main.o(.data)
    latitude                                 0x20000068   Data           8  main.o(.data)
    nor1                                     0x20000070   Data           4  main.o(.data)
    nor2                                     0x20000074   Data           4  main.o(.data)
    nor3                                     0x20000078   Data           4  main.o(.data)
    nor4                                     0x2000007c   Data           4  main.o(.data)
    nor5                                     0x20000080   Data           4  main.o(.data)
    key                                      0x20000084   Data           1  main.o(.data)
    SystemCoreClock                          0x20000088   Data           4  system_stm32f10x.o(.data)
    AHBPrescTable                            0x2000008c   Data          16  system_stm32f10x.o(.data)
    Key1                                     0x2000009c   Data           1  key.o(.data)
    Key2                                     0x2000009d   Data           1  key.o(.data)
    current_operation_index                  0x200000a0   Data           4  menu.o(.data)
    func_index                               0x200000a4   Data           1  menu.o(.data)
    hshow                                    0x200000a5   Data           1  menu.o(.data)
    yshow                                    0x200000a6   Data           1  menu.o(.data)
    key1                                     0x200000a7   Data           1  menu.o(.data)
    key2                                     0x200000a8   Data           1  menu.o(.data)
    table                                    0x200000ac   Data         208  menu.o(.data)
    Hzk                                      0x2000017c   Data        2816  oled.o(.data)
    n_ir_buffer_length                       0x20000cb4   Data           4  max30102.o(.data)
    n_sp02                                   0x20000cb8   Data           4  max30102.o(.data)
    ch_spo2_valid                            0x20000cbc   Data           1  max30102.o(.data)
    n_heart_rate                             0x20000cc0   Data           4  max30102.o(.data)
    ch_hr_valid                              0x20000cc4   Data           1  max30102.o(.data)
    uch_dummy                                0x20000cc5   Data           1  max30102.o(.data)
    un_min                                   0x20000cc8   Data           4  max30102.o(.data)
    un_max                                   0x20000ccc   Data           4  max30102.o(.data)
    un_prev_data                             0x20000cd0   Data           4  max30102.o(.data)
    i                                        0x20000cd4   Data           4  max30102.o(.data)
    n_brightness                             0x20000cd8   Data           4  max30102.o(.data)
    f_temp                                   0x20000cdc   Data           4  max30102.o(.data)
    temp_num                                 0x20000ce0   Data           1  max30102.o(.data)
    temp                                     0x20000ce1   Data           6  max30102.o(.data)
    dis_hr                                   0x20000ce7   Data           1  max30102.o(.data)
    dis_spo2                                 0x20000ce8   Data           1  max30102.o(.data)
    rxdatabufer                              0x20000cf0   Data           1  usart.o(.data)
    point1                                   0x20000cf2   Data           2  usart.o(.data)
    __stdout                                 0x20000cf4   Data           4  usart.o(.data)
    USART_RX_STA                             0x20000cf8   Data           2  usart.o(.data)
    esp8266_cnt                              0x20000d10   Data           2  esp8266.o(.data)
    esp8266_cntPre                           0x20000d12   Data           2  esp8266.o(.data)
    __microlib_freelist                      0x20000d18   Data           4  mvars.o(.data)
    __microlib_freelist_initialised          0x20000d1c   Data           4  mvars.o(.data)
    PUT_BUF                                  0x20000d24   Data         256  main.o(.bss)
    dtbuf                                    0x20000e24   Data          50  menu.o(.bss)
    aun_ir_buffer                            0x200025c8   Data        2000  max30102.o(.bss)
    aun_red_buffer                           0x20002d98   Data        2000  max30102.o(.bss)
    str                                      0x20003568   Data         100  max30102.o(.bss)
    Save_Data                                0x200035cc   Data         121  usart.o(.bss)
    USART_RX_BUF                             0x20003645   Data         200  usart.o(.bss)
    esp8266_buf                              0x2000370d   Data         256  esp8266.o(.bss)
    __heap_base                              0x20003810   Data           0  startup_stm32f10x_hd.o(HEAP)
    __heap_limit                             0x20003a10   Data           0  startup_stm32f10x_hd.o(HEAP)
    __initial_sp                             0x20003e10   Data           0  startup_stm32f10x_hd.o(STACK)



==============================================================================

Memory Map of the image

  Image Entry point : 0x08000145

  Load Region LR_1 (Base: 0x08000000, Size: 0x0000c47c, Max: 0xffffffff, ABSOLUTE, COMPRESSED[0x0000bc98])

    Execution Region ER_RO (Base: 0x08000000, Size: 0x0000b758, Max: 0xffffffff, ABSOLUTE)

    Base Addr    Size         Type   Attr      Idx    E Section Name        Object

    0x08000000   0x00000130   Data   RO         1820    RESET               startup_stm32f10x_hd.o
    0x08000130   0x00000000   Code   RO         3896  * .ARM.Collect$$$$00000000  mc_w.l(entry.o)
    0x08000130   0x00000004   Code   RO         4277    .ARM.Collect$$$$00000001  mc_w.l(entry2.o)
    0x08000134   0x00000004   Code   RO         4280    .ARM.Collect$$$$00000004  mc_w.l(entry5.o)
    0x08000138   0x00000000   Code   RO         4282    .ARM.Collect$$$$00000008  mc_w.l(entry7b.o)
    0x08000138   0x00000000   Code   RO         4284    .ARM.Collect$$$$0000000A  mc_w.l(entry8b.o)
    0x08000138   0x00000008   Code   RO         4285    .ARM.Collect$$$$0000000B  mc_w.l(entry9a.o)
    0x08000140   0x00000000   Code   RO         4287    .ARM.Collect$$$$0000000D  mc_w.l(entry10a.o)
    0x08000140   0x00000000   Code   RO         4289    .ARM.Collect$$$$0000000F  mc_w.l(entry11a.o)
    0x08000140   0x00000004   Code   RO         4278    .ARM.Collect$$$$00002712  mc_w.l(entry2.o)
    0x08000144   0x00000024   Code   RO         1821  * .text               startup_stm32f10x_hd.o
    0x08000168   0x00000062   Code   RO         3899    .text               mc_w.l(ldiv.o)
    0x080001ca   0x00000024   Code   RO         3901    .text               mc_w.l(memcpya.o)
    0x080001ee   0x00000024   Code   RO         3903    .text               mc_w.l(memseta.o)
    0x08000212   0x00000024   Code   RO         3905    .text               mc_w.l(strstr.o)
    0x08000236   0x00000014   Code   RO         3907    .text               mc_w.l(strchr.o)
    0x0800024a   0x0000000e   Code   RO         3909    .text               mc_w.l(strlen.o)
    0x08000258   0x0000001a   Code   RO         3911    .text               mc_w.l(memcmp.o)
    0x08000272   0x00000028   Code   RO         3913    .text               mc_w.l(strncat.o)
    0x0800029a   0x0000001a   Code   RO         4206    .text               mc_w.l(atoi.o)
    0x080002b4   0x000000b0   Code   RO         4208    .text               mf_w.l(fadd.o)
    0x08000364   0x00000064   Code   RO         4210    .text               mf_w.l(fmul.o)
    0x080003c8   0x0000007c   Code   RO         4212    .text               mf_w.l(fdiv.o)
    0x08000444   0x0000014e   Code   RO         4214    .text               mf_w.l(dadd.o)
    0x08000592   0x000000e4   Code   RO         4216    .text               mf_w.l(dmul.o)
    0x08000676   0x000000de   Code   RO         4218    .text               mf_w.l(ddiv.o)
    0x08000754   0x00000012   Code   RO         4220    .text               mf_w.l(fflti.o)
    0x08000766   0x0000000a   Code   RO         4222    .text               mf_w.l(ffltui.o)
    0x08000770   0x00000022   Code   RO         4224    .text               mf_w.l(dflti.o)
    0x08000792   0x0000001a   Code   RO         4226    .text               mf_w.l(dfltui.o)
    0x080007ac   0x00000032   Code   RO         4228    .text               mf_w.l(ffixi.o)
    0x080007de   0x00000028   Code   RO         4230    .text               mf_w.l(ffixui.o)
    0x08000806   0x0000003e   Code   RO         4232    .text               mf_w.l(dfixi.o)
    0x08000844   0x00000026   Code   RO         4236    .text               mf_w.l(f2d.o)
    0x0800086a   0x00000002   PAD
    0x0800086c   0x00000030   Code   RO         4240    .text               mf_w.l(cdrcmple.o)
    0x0800089c   0x00000038   Code   RO         4242    .text               mf_w.l(d2f.o)
    0x080008d4   0x00000014   Code   RO         4244    .text               mf_w.l(cfcmple.o)
    0x080008e8   0x00000014   Code   RO         4246    .text               mf_w.l(cfrcmple.o)
    0x080008fc   0x0000002c   Code   RO         4291    .text               mc_w.l(uidiv.o)
    0x08000928   0x00000062   Code   RO         4293    .text               mc_w.l(uldiv.o)
    0x0800098a   0x0000001e   Code   RO         4295    .text               mc_w.l(llshl.o)
    0x080009a8   0x00000020   Code   RO         4297    .text               mc_w.l(llushr.o)
    0x080009c8   0x00000024   Code   RO         4299    .text               mc_w.l(llsshr.o)
    0x080009ec   0x0000009c   Code   RO         4310    .text               mc_w.l(strtod.o)
    0x08000a88   0x00000070   Code   RO         4312    .text               mc_w.l(strtol.o)
    0x08000af8   0x00000000   Code   RO         4314    .text               mc_w.l(iusefp.o)
    0x08000af8   0x0000006e   Code   RO         4315    .text               mf_w.l(fepilogue.o)
    0x08000b66   0x000000ba   Code   RO         4317    .text               mf_w.l(depilogue.o)
    0x08000c20   0x0000002e   Code   RO         4319    .text               mf_w.l(dscalb.o)
    0x08000c4e   0x000000a2   Code   RO         4321    .text               mf_w.l(dsqrt.o)
    0x08000cf0   0x00000030   Code   RO         4323    .text               mf_w.l(dfixul.o)
    0x08000d20   0x00000024   Code   RO         4325    .text               mc_w.l(init.o)
    0x08000d44   0x00000008   Code   RO         4329    .text               mc_w.l(ctype_o.o)
    0x08000d4c   0x00000012   Code   RO         4351    .text               mc_w.l(isspace_o.o)
    0x08000d5e   0x00000002   PAD
    0x08000d60   0x00000338   Code   RO         4357    .text               mc_w.l(scanf_fp.o)
    0x08001098   0x00000040   Code   RO         4361    .text               mc_w.l(_sgetc.o)
    0x080010d8   0x0000009e   Code   RO         4363    .text               mc_w.l(_strtoul.o)
    0x08001176   0x0000001c   Code   RO         4368    .text               mc_w.l(_chval.o)
    0x08001192   0x00000018   Code   RO         4370    .text               mf_w.l(dfltul.o)
    0x080011aa   0x0000005e   Code   RO         4380    .text               mc_w.l(__dclz77c.o)
    0x08001208   0x00000098   Code   RO            1    i.ADCX              main.o
    0x080012a0   0x00000016   Code   RO         2933    i.ADC_Cmd           stm32f10x_adc.o
    0x080012b6   0x00000002   PAD
    0x080012b8   0x0000005c   Code   RO         2935    i.ADC_DeInit        stm32f10x_adc.o
    0x08001314   0x00000014   Code   RO         2941    i.ADC_GetCalibrationStatus  stm32f10x_adc.o
    0x08001328   0x00000008   Code   RO         2942    i.ADC_GetConversionValue  stm32f10x_adc.o
    0x08001330   0x00000012   Code   RO         2944    i.ADC_GetFlagStatus  stm32f10x_adc.o
    0x08001342   0x00000014   Code   RO         2947    i.ADC_GetResetCalibrationStatus  stm32f10x_adc.o
    0x08001356   0x00000002   PAD
    0x08001358   0x00000050   Code   RO         2951    i.ADC_Init          stm32f10x_adc.o
    0x080013a8   0x000000b8   Code   RO         2955    i.ADC_RegularChannelConfig  stm32f10x_adc.o
    0x08001460   0x0000000a   Code   RO         2956    i.ADC_ResetCalibration  stm32f10x_adc.o
    0x0800146a   0x00000016   Code   RO         2958    i.ADC_SoftwareStartConvCmd  stm32f10x_adc.o
    0x08001480   0x0000000a   Code   RO         2960    i.ADC_StartCalibration  stm32f10x_adc.o
    0x0800148a   0x00000002   PAD
    0x0800148c   0x0000008c   Code   RO          451    i.Adc_Init          adc.o
    0x08001518   0x00000028   Code   RO          355    i.BEEP_Init         beep.o
    0x08001540   0x00000004   Code   RO          193    i.BusFault_Handler  stm32f10x_it.o
    0x08001544   0x0000001c   Code   RO         1714    i.CLR_Buf           usart.o
    0x08001560   0x00000002   Code   RO          194    i.DebugMon_Handler  stm32f10x_it.o
    0x08001562   0x00000002   PAD
    0x08001564   0x0000001c   Code   RO         3581    i.ESP8266_Clear     esp8266.o
    0x08001580   0x00000050   Code   RO         3582    i.ESP8266_GetIPD    esp8266.o
    0x080015d0   0x000001a4   Code   RO         3583    i.ESP8266_Init      esp8266.o
    0x08001774   0x00000050   Code   RO         3584    i.ESP8266_SendCmd   esp8266.o
    0x080017c4   0x00000044   Code   RO         3585    i.ESP8266_SendData  esp8266.o
    0x08001808   0x00000034   Code   RO         3586    i.ESP8266_WaitRecive  esp8266.o
    0x0800183c   0x00000014   Code   RO          581    i.EXTI0_IRQHandler  exti.o
    0x08001850   0x0000000a   Code   RO          582    i.EXTI1_IRQHandler  exti.o
    0x0800185a   0x00000088   Code   RO          583    i.EXTIX_Init        exti.o
    0x080018e2   0x00000002   PAD
    0x080018e4   0x0000000c   Code   RO         3150    i.EXTI_ClearITPendingBit  stm32f10x_exti.o
    0x080018f0   0x00000094   Code   RO         3155    i.EXTI_Init         stm32f10x_exti.o
    0x08001984   0x00000040   Code   RO         1864    i.GPIO_EXTILineConfig  stm32f10x_gpio.o
    0x080019c4   0x00000116   Code   RO         1867    i.GPIO_Init         stm32f10x_gpio.o
    0x08001ada   0x00000002   PAD
    0x08001adc   0x00000090   Code   RO         1869    i.GPIO_PinRemapConfig  stm32f10x_gpio.o
    0x08001b6c   0x00000012   Code   RO         1871    i.GPIO_ReadInputDataBit  stm32f10x_gpio.o
    0x08001b7e   0x00000004   Code   RO         1874    i.GPIO_ResetBits    stm32f10x_gpio.o
    0x08001b82   0x00000004   Code   RO         1875    i.GPIO_SetBits      stm32f10x_gpio.o
    0x08001b86   0x0000000a   Code   RO         1878    i.GPIO_WriteBit     stm32f10x_gpio.o
    0x08001b90   0x00000034   Code   RO          452    i.Get_Adc           adc.o
    0x08001bc4   0x0000002e   Code   RO          453    i.Get_Adc_Average   adc.o
    0x08001bf2   0x00000004   Code   RO          195    i.HardFault_Handler  stm32f10x_it.o
    0x08001bf6   0x00000002   PAD
    0x08001bf8   0x0000007c   Code   RO            2    i.Hardware_Init     main.o
    0x08001c74   0x00000050   Code   RO         1581    i.IIC_Ack           maxiic.o
    0x08001cc4   0x00000040   Code   RO         1582    i.IIC_Init          maxiic.o
    0x08001d04   0x00000050   Code   RO         1583    i.IIC_NAck          maxiic.o
    0x08001d54   0x00000070   Code   RO         1585    i.IIC_Read_Byte     maxiic.o
    0x08001dc4   0x00000068   Code   RO         1587    i.IIC_Send_Byte     maxiic.o
    0x08001e2c   0x0000004c   Code   RO         1588    i.IIC_Start         maxiic.o
    0x08001e78   0x0000004c   Code   RO         1589    i.IIC_Stop          maxiic.o
    0x08001ec4   0x00000064   Code   RO         1590    i.IIC_Wait_Ack      maxiic.o
    0x08001f28   0x00000048   Code   RO          316    i.KEY1_Get          key.o
    0x08001f70   0x00000048   Code   RO          317    i.KEY2_Get          key.o
    0x08001fb8   0x00000028   Code   RO          318    i.KEY_Init          key.o
    0x08001fe0   0x00000078   Code   RO          319    i.KEY_Scan          key.o
    0x08002058   0x0000005c   Code   RO          500    i.LED_Init          led.o
    0x080020b4   0x00000128   Code   RO         1493    i.MAX30102_data_set  max30102.o
    0x080021dc   0x000002f4   Code   RO         1494    i.MAX30102_get      max30102.o
    0x080024d0   0x00000050   Code   RO          798    i.MPU_Get_Accelerometer  mpu6050.o
    0x08002520   0x00000050   Code   RO         1390    i.MPU_IIC_Ack       myiic.o
    0x08002570   0x00000034   Code   RO         1391    i.MPU_IIC_Init      myiic.o
    0x080025a4   0x00000050   Code   RO         1392    i.MPU_IIC_NAck      myiic.o
    0x080025f4   0x00000070   Code   RO         1393    i.MPU_IIC_Read_Byte  myiic.o
    0x08002664   0x00000068   Code   RO         1394    i.MPU_IIC_Send_Byte  myiic.o
    0x080026cc   0x0000004c   Code   RO         1395    i.MPU_IIC_Start     myiic.o
    0x08002718   0x0000004c   Code   RO         1396    i.MPU_IIC_Stop      myiic.o
    0x08002764   0x00000064   Code   RO         1397    i.MPU_IIC_Wait_Ack  myiic.o
    0x080027c8   0x0000007a   Code   RO          801    i.MPU_Init          mpu6050.o
    0x08002842   0x0000003a   Code   RO          802    i.MPU_Read_Byte     mpu6050.o
    0x0800287c   0x00000074   Code   RO          803    i.MPU_Read_Len      mpu6050.o
    0x080028f0   0x00000010   Code   RO          804    i.MPU_Set_Accel_Fsr  mpu6050.o
    0x08002900   0x00000010   Code   RO          805    i.MPU_Set_Gyro_Fsr  mpu6050.o
    0x08002910   0x0000003a   Code   RO          806    i.MPU_Set_LPF       mpu6050.o
    0x0800294a   0x0000003a   Code   RO          807    i.MPU_Set_Rate      mpu6050.o
    0x08002984   0x00000044   Code   RO          808    i.MPU_Write_Byte    mpu6050.o
    0x080029c8   0x00000060   Code   RO          809    i.MPU_Write_Len     mpu6050.o
    0x08002a28   0x0000001c   Code   RO         3646    i.MQTT_DeleteBuffer  mqttkit.o
    0x08002a44   0x0000002e   Code   RO         3647    i.MQTT_DumpLength   mqttkit.o
    0x08002a72   0x00000058   Code   RO         3648    i.MQTT_NewBuffer    mqttkit.o
    0x08002aca   0x00000002   PAD
    0x08002acc   0x0000008c   Code   RO         3649    i.MQTT_PacketCmdResp  mqttkit.o
    0x08002b58   0x000002a0   Code   RO         3650    i.MQTT_PacketConnect  mqttkit.o
    0x08002df8   0x000001b8   Code   RO         3653    i.MQTT_PacketPublish  mqttkit.o
    0x08002fb0   0x00000048   Code   RO         3655    i.MQTT_PacketPublishComp  mqttkit.o
    0x08002ff8   0x00000048   Code   RO         3657    i.MQTT_PacketPublishRel  mqttkit.o
    0x08003040   0x000000fe   Code   RO         3660    i.MQTT_PacketSubscribe  mqttkit.o
    0x0800313e   0x00000046   Code   RO         3662    i.MQTT_ReadLength   mqttkit.o
    0x08003184   0x0000008c   Code   RO         3663    i.MQTT_UnPacketCmd  mqttkit.o
    0x08003210   0x0000001e   Code   RO         3664    i.MQTT_UnPacketConnectAck  mqttkit.o
    0x0800322e   0x00000002   PAD
    0x08003230   0x000001c0   Code   RO         3665    i.MQTT_UnPacketPublish  mqttkit.o
    0x080033f0   0x0000001e   Code   RO         3666    i.MQTT_UnPacketPublishAck  mqttkit.o
    0x0800340e   0x0000001e   Code   RO         3667    i.MQTT_UnPacketPublishComp  mqttkit.o
    0x0800342c   0x0000001e   Code   RO         3668    i.MQTT_UnPacketPublishRec  mqttkit.o
    0x0800344a   0x00000024   Code   RO         3669    i.MQTT_UnPacketPublishRel  mqttkit.o
    0x0800346e   0x00000002   PAD
    0x08003470   0x00000074   Code   RO         3670    i.MQTT_UnPacketRecv  mqttkit.o
    0x080034e4   0x00000034   Code   RO         3671    i.MQTT_UnPacketSubscribe  mqttkit.o
    0x08003518   0x00000012   Code   RO         3672    i.MQTT_UnPacketUnSubscribe  mqttkit.o
    0x0800352a   0x00000004   Code   RO          196    i.MemManage_Handler  stm32f10x_it.o
    0x0800352e   0x00000002   PAD
    0x08003530   0x000000ac   Code   RO          512    i.Menu_key_set      menu.o
    0x080035dc   0x00000002   Code   RO          197    i.NMI_Handler       stm32f10x_it.o
    0x080035de   0x00000002   PAD
    0x080035e0   0x00000070   Code   RO         1825    i.NVIC_Init         misc.o
    0x08003650   0x00000014   Code   RO         1826    i.NVIC_PriorityGroupConfig  misc.o
    0x08003664   0x0000003e   Code   RO          607    i.OLED_Clear        oled.o
    0x080036a2   0x0000001c   Code   RO          609    i.OLED_Display_On   oled.o
    0x080036be   0x00000002   PAD
    0x080036c0   0x00000030   Code   RO          613    i.OLED_IIC_Start    oled.o
    0x080036f0   0x00000028   Code   RO          614    i.OLED_IIC_Stop     oled.o
    0x08003718   0x0000001c   Code   RO          615    i.OLED_IIC_Wait_Ack  oled.o
    0x08003734   0x00000124   Code   RO          616    i.OLED_Init         oled.o
    0x08003858   0x00000028   Code   RO          623    i.OLED_Set_Pos      oled.o
    0x08003880   0x00000068   Code   RO          624    i.OLED_ShowCHinese  oled.o
    0x080038e8   0x000000a4   Code   RO          625    i.OLED_ShowChar     oled.o
    0x0800398c   0x00000088   Code   RO          626    i.OLED_ShowNumber   oled.o
    0x08003a14   0x00000036   Code   RO          627    i.OLED_ShowString   oled.o
    0x08003a4a   0x00000018   Code   RO          628    i.OLED_WR_Byte      oled.o
    0x08003a62   0x00000002   PAD
    0x08003a64   0x0000005c   Code   RO          629    i.OLED_Write_IIC_Byte  oled.o
    0x08003ac0   0x0000002c   Code   RO          630    i.OLED_Write_IIC_Command  oled.o
    0x08003aec   0x0000002c   Code   RO          631    i.OLED_Write_IIC_Data  oled.o
    0x08003b18   0x00000210   Code   RO         3830    i.OneNet_DevLink    onenet.o
    0x08003d28   0x00000074   Code   RO         3831    i.OneNet_Publish    onenet.o
    0x08003d9c   0x000004e0   Code   RO         3832    i.OneNet_RevPro     onenet.o
    0x0800427c   0x00000068   Code   RO         3833    i.OneNet_Subscribe  onenet.o
    0x080042e4   0x000000ba   Code   RO          367    i.PEC_Calculation   mlx90614.o
    0x0800439e   0x00000002   Code   RO          198    i.PendSV_Handler    stm32f10x_it.o
    0x080043a0   0x00000018   Code   RO         1999    i.RCC_ADCCLKConfig  stm32f10x_rcc.o
    0x080043b8   0x00000020   Code   RO         2001    i.RCC_APB1PeriphClockCmd  stm32f10x_rcc.o
    0x080043d8   0x00000020   Code   RO         2003    i.RCC_APB2PeriphClockCmd  stm32f10x_rcc.o
    0x080043f8   0x00000020   Code   RO         2004    i.RCC_APB2PeriphResetCmd  stm32f10x_rcc.o
    0x08004418   0x000000d4   Code   RO         2011    i.RCC_GetClocksFreq  stm32f10x_rcc.o
    0x080044ec   0x0000001a   Code   RO          368    i.SMBus_Delay       mlx90614.o
    0x08004506   0x00000002   PAD
    0x08004508   0x00000040   Code   RO          369    i.SMBus_Init        mlx90614.o
    0x08004548   0x000000a6   Code   RO          370    i.SMBus_ReadMemory  mlx90614.o
    0x080045ee   0x00000002   PAD
    0x080045f0   0x00000044   Code   RO          371    i.SMBus_ReadTemp    mlx90614.o
    0x08004634   0x00000050   Code   RO          372    i.SMBus_ReceiveBit  mlx90614.o
    0x08004684   0x00000032   Code   RO          373    i.SMBus_ReceiveByte  mlx90614.o
    0x080046b6   0x00000002   PAD
    0x080046b8   0x0000004c   Code   RO          374    i.SMBus_SendBit     mlx90614.o
    0x08004704   0x00000034   Code   RO          375    i.SMBus_SendByte    mlx90614.o
    0x08004738   0x0000004c   Code   RO          376    i.SMBus_StartBit    mlx90614.o
    0x08004784   0x00000048   Code   RO          377    i.SMBus_StopBit     mlx90614.o
    0x080047cc   0x00000098   Code   RO          439    i.SV17F_Init        sv17f.o
    0x08004864   0x00000002   Code   RO          199    i.SVC_Handler       stm32f10x_it.o
    0x08004866   0x00000008   Code   RO          282    i.SetSysClock       system_stm32f10x.o
    0x0800486e   0x00000002   PAD
    0x08004870   0x000000e0   Code   RO          283    i.SetSysClockTo72   system_stm32f10x.o
    0x08004950   0x00000028   Code   RO         1829    i.SysTick_CLKSourceConfig  misc.o
    0x08004978   0x00000002   Code   RO          200    i.SysTick_Handler   stm32f10x_it.o
    0x0800497a   0x00000002   PAD
    0x0800497c   0x00000060   Code   RO          285    i.SystemInit        system_stm32f10x.o
    0x080049dc   0x00000016   Code   RO         1773    i.TIM2_IRQHandler   timer.o
    0x080049f2   0x0000005c   Code   RO         1774    i.TIM2_Int_Init     timer.o
    0x08004a4e   0x00000002   PAD
    0x08004a50   0x000000c0   Code   RO         1775    i.TIM3_IRQHandler   timer.o
    0x08004b10   0x00000060   Code   RO         1776    i.TIM3_Int_Init     timer.o
    0x08004b70   0x00000006   Code   RO         2390    i.TIM_ClearITPendingBit  stm32f10x_tim.o
    0x08004b76   0x00000018   Code   RO         2395    i.TIM_Cmd           stm32f10x_tim.o
    0x08004b8e   0x00000022   Code   RO         2416    i.TIM_GetITStatus   stm32f10x_tim.o
    0x08004bb0   0x00000012   Code   RO         2420    i.TIM_ITConfig      stm32f10x_tim.o
    0x08004bc2   0x00000002   PAD
    0x08004bc4   0x000000a4   Code   RO         2466    i.TIM_TimeBaseInit  stm32f10x_tim.o
    0x08004c68   0x00000098   Code   RO         1716    i.USART1_IRQHandler  usart.o
    0x08004d00   0x0000004c   Code   RO         3587    i.USART2_IRQHandler  esp8266.o
    0x08004d4c   0x00000012   Code   RO         2199    i.USART_ClearFlag   stm32f10x_usart.o
    0x08004d5e   0x00000018   Code   RO         2203    i.USART_Cmd         stm32f10x_usart.o
    0x08004d76   0x0000001a   Code   RO         2206    i.USART_GetFlagStatus  stm32f10x_usart.o
    0x08004d90   0x00000054   Code   RO         2207    i.USART_GetITStatus  stm32f10x_usart.o
    0x08004de4   0x0000004a   Code   RO         2209    i.USART_ITConfig    stm32f10x_usart.o
    0x08004e2e   0x00000002   PAD
    0x08004e30   0x000000d8   Code   RO         2210    i.USART_Init        stm32f10x_usart.o
    0x08004f08   0x0000000a   Code   RO         2217    i.USART_ReceiveData  stm32f10x_usart.o
    0x08004f12   0x00000008   Code   RO         2220    i.USART_SendData    stm32f10x_usart.o
    0x08004f1a   0x00000004   Code   RO          201    i.UsageFault_Handler  stm32f10x_it.o
    0x08004f1e   0x00000002   PAD
    0x08004f20   0x000000ac   Code   RO         3588    i.Usart2_Init       esp8266.o
    0x08004fcc   0x00000030   Code   RO         3589    i.Usart2_SendString  esp8266.o
    0x08004ffc   0x00000020   Code   RO         4150    i.__0printf         mc_w.l(printfa.o)
    0x0800501c   0x00000028   Code   RO         4152    i.__0sprintf        mc_w.l(printfa.o)
    0x08005044   0x00000028   Code   RO         4272    i.__ARM_fpclassify  m_ws.l(fpclassify.o)
    0x0800506c   0x00000008   Code   RO         4303    i.__aeabi_errno_addr  mc_w.l(errno.o)
    0x08005074   0x000000aa   Code   RO         4274    i.__kernel_poly     m_ws.l(poly.o)
    0x0800511e   0x00000006   Code   RO         4259    i.__mathlib_dbl_infnan  m_ws.l(dunder.o)
    0x08005124   0x00000004   Code   RO         4260    i.__mathlib_dbl_infnan2  m_ws.l(dunder.o)
    0x08005128   0x0000000c   Code   RO         4261    i.__mathlib_dbl_invalid  m_ws.l(dunder.o)
    0x08005134   0x00000010   Code   RO         4264    i.__mathlib_dbl_underflow  m_ws.l(dunder.o)
    0x08005144   0x0000000c   Code   RO         4304    i.__read_errno      mc_w.l(errno.o)
    0x08005150   0x0000000e   Code   RO         4374    i.__scatterload_copy  mc_w.l(handlers.o)
    0x0800515e   0x00000002   Code   RO         4375    i.__scatterload_null  mc_w.l(handlers.o)
    0x08005160   0x0000000e   Code   RO         4376    i.__scatterload_zeroinit  mc_w.l(handlers.o)
    0x0800516e   0x00000002   PAD
    0x08005170   0x0000000c   Code   RO         4305    i.__set_errno       mc_w.l(errno.o)
    0x0800517c   0x00000164   Code   RO         4157    i._fp_digits        mc_w.l(printfa.o)
    0x080052e0   0x0000000e   Code   RO         4359    i._is_digit         mc_w.l(scanf_fp.o)
    0x080052ee   0x00000002   PAD
    0x080052f0   0x000006dc   Code   RO         4158    i._printf_core      mc_w.l(printfa.o)
    0x080059cc   0x00000024   Code   RO         4159    i._printf_post_padding  mc_w.l(printfa.o)
    0x080059f0   0x0000002e   Code   RO         4160    i._printf_pre_padding  mc_w.l(printfa.o)
    0x08005a1e   0x0000000a   Code   RO         4162    i._sputc            mc_w.l(printfa.o)
    0x08005a28   0x000000a8   Code   RO          876    i.accel_self_test   inv_mpu.o
    0x08005ad0   0x00000270   Code   RO         3867    i.asin              m_ws.l(asin.o)
    0x08005d40   0x00000220   Code   RO         4249    i.atan              m_ws.l(atan.o)
    0x08005f60   0x00000180   Code   RO         3877    i.atan2             m_ws.l(atan2.o)
    0x080060e0   0x0000002a   Code   RO         3885    i.atof              m_ws.l(atof.o)
    0x0800610a   0x00000002   PAD
    0x0800610c   0x00000064   Code   RO         1204    i.decode_gesture    inv_mpu_dmp_motion_driver.o
    0x08006170   0x00000044   Code   RO         1659    i.delay_init        delay.o
    0x080061b4   0x0000004c   Code   RO         1660    i.delay_ms          delay.o
    0x08006200   0x0000004c   Code   RO         1661    i.delay_us          delay.o
    0x0800624c   0x0000006c   Code   RO         1495    i.dis_DrawCurve     max30102.o
    0x080062b8   0x0000003c   Code   RO         1205    i.dmp_enable_6x_lp_quat  inv_mpu_dmp_motion_driver.o
    0x080062f4   0x0000021c   Code   RO         1206    i.dmp_enable_feature  inv_mpu_dmp_motion_driver.o
    0x08006510   0x00000058   Code   RO         1207    i.dmp_enable_gyro_cal  inv_mpu_dmp_motion_driver.o
    0x08006568   0x0000003c   Code   RO         1208    i.dmp_enable_lp_quat  inv_mpu_dmp_motion_driver.o
    0x080065a4   0x00000018   Code   RO         1213    i.dmp_load_motion_driver_firmware  inv_mpu_dmp_motion_driver.o
    0x080065bc   0x000001cc   Code   RO         1214    i.dmp_read_fifo     inv_mpu_dmp_motion_driver.o
    0x08006788   0x00000130   Code   RO         1217    i.dmp_set_accel_bias  inv_mpu_dmp_motion_driver.o
    0x080068b8   0x00000070   Code   RO         1218    i.dmp_set_fifo_rate  inv_mpu_dmp_motion_driver.o
    0x08006928   0x00000130   Code   RO         1219    i.dmp_set_gyro_bias  inv_mpu_dmp_motion_driver.o
    0x08006a58   0x00000138   Code   RO         1221    i.dmp_set_orientation  inv_mpu_dmp_motion_driver.o
    0x08006b90   0x00000038   Code   RO         1224    i.dmp_set_shake_reject_thresh  inv_mpu_dmp_motion_driver.o
    0x08006bc8   0x00000026   Code   RO         1225    i.dmp_set_shake_reject_time  inv_mpu_dmp_motion_driver.o
    0x08006bee   0x00000026   Code   RO         1226    i.dmp_set_shake_reject_timeout  inv_mpu_dmp_motion_driver.o
    0x08006c14   0x00000046   Code   RO         1227    i.dmp_set_tap_axes  inv_mpu_dmp_motion_driver.o
    0x08006c5a   0x00000026   Code   RO         1228    i.dmp_set_tap_count  inv_mpu_dmp_motion_driver.o
    0x08006c80   0x000001a0   Code   RO         1229    i.dmp_set_tap_thresh  inv_mpu_dmp_motion_driver.o
    0x08006e20   0x00000026   Code   RO         1230    i.dmp_set_tap_time  inv_mpu_dmp_motion_driver.o
    0x08006e46   0x00000026   Code   RO         1231    i.dmp_set_tap_time_multi  inv_mpu_dmp_motion_driver.o
    0x08006e6c   0x0000001c   Code   RO          475    i.errorLog          atgm336h.o
    0x08006e88   0x0000001c   Code   RO         1719    i.fputc             usart.o
    0x08006ea4   0x00000050   Code   RO         4178    i.free              mc_w.l(malloc.o)
    0x08006ef4   0x000000b4   Code   RO          877    i.get_accel_prod_shift  inv_mpu.o
    0x08006fa8   0x00000470   Code   RO          878    i.get_st_biases     inv_mpu.o
    0x08007418   0x00000110   Code   RO          879    i.gyro_self_test    inv_mpu.o
    0x08007528   0x00000028   Code   RO          880    i.inv_orientation_matrix_to_scalar  inv_mpu.o
    0x08007550   0x0000004e   Code   RO          881    i.inv_row_2_scale   inv_mpu.o
    0x0800759e   0x00000002   PAD
    0x080075a0   0x000003b8   Code   RO            3    i.main              main.o
    0x08007958   0x0000006c   Code   RO         4179    i.malloc            mc_w.l(malloc.o)
    0x080079c4   0x00000052   Code   RO         1496    i.max30102_Bus_Read  max30102.o
    0x08007a16   0x00000044   Code   RO         1497    i.max30102_Bus_Write  max30102.o
    0x08007a5a   0x00000080   Code   RO         1498    i.max30102_FIFO_ReadBytes  max30102.o
    0x08007ada   0x00000002   PAD
    0x08007adc   0x00000084   Code   RO         1500    i.max30102_init     max30102.o
    0x08007b60   0x00000014   Code   RO         1501    i.max30102_reset    max30102.o
    0x08007b74   0x00000042   Code   RO         1444    i.maxim_find_peaks  algorithm.o
    0x08007bb6   0x00000002   PAD
    0x08007bb8   0x00000500   Code   RO         1445    i.maxim_heart_rate_and_oxygen_saturation  algorithm.o
    0x080080b8   0x0000007a   Code   RO         1446    i.maxim_peaks_above_min_height  algorithm.o
    0x08008132   0x00000072   Code   RO         1447    i.maxim_remove_close_peaks  algorithm.o
    0x080081a4   0x00000036   Code   RO         1448    i.maxim_sort_ascend  algorithm.o
    0x080081da   0x00000040   Code   RO         1449    i.maxim_sort_indices_descend  algorithm.o
    0x0800821a   0x00000002   Code   RO          882    i.mget_ms           inv_mpu.o
    0x0800821c   0x00000070   Code   RO          883    i.mpu_configure_fifo  inv_mpu.o
    0x0800828c   0x00000224   Code   RO          884    i.mpu_dmp_get_data  inv_mpu.o
    0x080084b0   0x000000a0   Code   RO          885    i.mpu_dmp_init      inv_mpu.o
    0x08008550   0x0000004c   Code   RO          886    i.mpu_get_accel_fsr  inv_mpu.o
    0x0800859c   0x00000054   Code   RO          888    i.mpu_get_accel_sens  inv_mpu.o
    0x080085f0   0x00000010   Code   RO          893    i.mpu_get_fifo_config  inv_mpu.o
    0x08008600   0x00000044   Code   RO          894    i.mpu_get_gyro_fsr  inv_mpu.o
    0x08008644   0x00000050   Code   RO          896    i.mpu_get_gyro_sens  inv_mpu.o
    0x08008694   0x00000050   Code   RO          898    i.mpu_get_lpf       inv_mpu.o
    0x080086e4   0x00000020   Code   RO          900    i.mpu_get_sample_rate  inv_mpu.o
    0x08008704   0x000001f0   Code   RO          902    i.mpu_init          inv_mpu.o
    0x080088f4   0x000000b8   Code   RO          903    i.mpu_load_firmware  inv_mpu.o
    0x080089ac   0x000000e0   Code   RO          904    i.mpu_lp_accel_mode  inv_mpu.o
    0x08008a8c   0x000000c0   Code   RO          907    i.mpu_read_fifo_stream  inv_mpu.o
    0x08008b4c   0x00000080   Code   RO          908    i.mpu_read_mem      inv_mpu.o
    0x08008bcc   0x000001c8   Code   RO          911    i.mpu_reset_fifo    inv_mpu.o
    0x08008d94   0x0000011c   Code   RO          912    i.mpu_run_self_test  inv_mpu.o
    0x08008eb0   0x00000084   Code   RO          914    i.mpu_set_accel_fsr  inv_mpu.o
    0x08008f34   0x0000014c   Code   RO          915    i.mpu_set_bypass    inv_mpu.o
    0x08009080   0x00000090   Code   RO          917    i.mpu_set_dmp_state  inv_mpu.o
    0x08009110   0x00000088   Code   RO          918    i.mpu_set_gyro_fsr  inv_mpu.o
    0x08009198   0x0000006c   Code   RO          919    i.mpu_set_int_latched  inv_mpu.o
    0x08009204   0x00000084   Code   RO          921    i.mpu_set_lpf       inv_mpu.o
    0x08009288   0x0000009c   Code   RO          922    i.mpu_set_sample_rate  inv_mpu.o
    0x08009324   0x000000d0   Code   RO          923    i.mpu_set_sensors   inv_mpu.o
    0x080093f4   0x00000080   Code   RO          924    i.mpu_write_mem     inv_mpu.o
    0x08009474   0x00000016   Code   RO          634    i.oled_pow          oled.o
    0x0800948a   0x00000002   PAD
    0x0800948c   0x0000010c   Code   RO          476    i.parseGpsBuffer    atgm336h.o
    0x08009598   0x00000128   Code   RO          477    i.printGpsBuffer    atgm336h.o
    0x080096c0   0x00000094   Code   RO          925    i.run_self_test     inv_mpu.o
    0x08009754   0x00000090   Code   RO          926    i.set_int_enable    inv_mpu.o
    0x080097e4   0x000000d8   Code   RO          513    i.show0             menu.o
    0x080098bc   0x000000d8   Code   RO          514    i.show1             menu.o
    0x08009994   0x000000d8   Code   RO          515    i.show2             menu.o
    0x08009a6c   0x00000138   Code   RO          516    i.show3             menu.o
    0x08009ba4   0x00000068   Code   RO          517    i.show4             menu.o
    0x08009c0c   0x00000124   Code   RO          518    i.show5             menu.o
    0x08009d30   0x00000050   Code   RO          519    i.show6             menu.o
    0x08009d80   0x0000004c   Code   RO         3889    i.sqrt              m_ws.l(sqrt.o)
    0x08009dcc   0x000000a4   Code   RO         1720    i.uart_init         usart.o
    0x08009e70   0x00000020   Data   RO            5    .constdata          main.o
    0x08009e90   0x00000818   Data   RO          635    .constdata          oled.o
    0x0800a6a8   0x00000050   Data   RO          928    .constdata          inv_mpu.o
    0x0800a6f8   0x00000bf6   Data   RO         1233    .constdata          inv_mpu_dmp_motion_driver.o
    0x0800b2ee   0x000000f6   Data   RO         1451    .constdata          algorithm.o
    0x0800b3e4   0x00000004   PAD
    0x0800b3e8   0x00000050   Data   RO         3868    .constdata          m_ws.l(asin.o)
    0x0800b438   0x00000098   Data   RO         4250    .constdata          m_ws.l(atan.o)
    0x0800b4d0   0x00000008   Data   RO         4276    .constdata          m_ws.l(qnan.o)
    0x0800b4d8   0x00000081   Data   RO         4330    .constdata          mc_w.l(ctype_o.o)
    0x0800b559   0x00000003   PAD
    0x0800b55c   0x00000004   Data   RO         4331    .constdata          mc_w.l(ctype_o.o)
    0x0800b560   0x000000aa   Data   RO            6    .conststring        main.o
    0x0800b60a   0x00000002   PAD
    0x0800b60c   0x0000004d   Data   RO          929    .conststring        inv_mpu.o
    0x0800b659   0x00000003   PAD
    0x0800b65c   0x00000048   Data   RO         3591    .conststring        esp8266.o
    0x0800b6a4   0x00000092   Data   RO         3834    .conststring        onenet.o
    0x0800b736   0x00000002   PAD
    0x0800b738   0x00000020   Data   RO         4372    Region$$Table       anon$$obj.o


    Execution Region ER_RW (Base: 0x20000000, Size: 0x00000d24, Max: 0xffffffff, ABSOLUTE, COMPRESSED[0x00000540])

    Base Addr    Size         Type   Attr      Idx    E Section Name        Object

    0x20000000   0x00000085   Data   RW            7    .data               main.o
    0x20000085   0x00000003   PAD
    0x20000088   0x00000014   Data   RW          286    .data               system_stm32f10x.o
    0x2000009c   0x00000003   Data   RW          320    .data               key.o
    0x2000009f   0x00000001   PAD
    0x200000a0   0x000000dc   Data   RW          521    .data               menu.o
    0x2000017c   0x00000b00   Data   RW          636    .data               oled.o
    0x20000c7c   0x00000035   Data   RW          930    .data               inv_mpu.o
    0x20000cb1   0x00000003   PAD
    0x20000cb4   0x00000035   Data   RW         1506    .data               max30102.o
    0x20000ce9   0x00000001   PAD
    0x20000cea   0x00000004   Data   RW         1662    .data               delay.o
    0x20000cee   0x00000002   PAD
    0x20000cf0   0x0000000a   Data   RW         1722    .data               usart.o
    0x20000cfa   0x00000001   Data   RW         1778    .data               timer.o
    0x20000cfb   0x00000014   Data   RW         2031    .data               stm32f10x_rcc.o
    0x20000d0f   0x00000001   PAD
    0x20000d10   0x00000004   Data   RW         3592    .data               esp8266.o
    0x20000d14   0x00000002   Data   RW         3835    .data               onenet.o
    0x20000d16   0x00000002   PAD
    0x20000d18   0x00000004   Data   RW         4301    .data               mc_w.l(mvars.o)
    0x20000d1c   0x00000004   Data   RW         4302    .data               mc_w.l(mvars.o)
    0x20000d20   0x00000004   Data   RW         4306    .data               mc_w.l(errno.o)


    Execution Region ER_ZI (Base: 0x20000d24, Size: 0x000030ec, Max: 0xffffffff, ABSOLUTE)

    Base Addr    Size         Type   Attr      Idx    E Section Name        Object

    0x20000d24   0x00000100   Zero   RW            4    .bss                main.o
    0x20000e24   0x00000032   Zero   RW          520    .bss                menu.o
    0x20000e56   0x00000002   PAD
    0x20000e58   0x00000010   Zero   RW         1232    .bss                inv_mpu_dmp_motion_driver.o
    0x20000e68   0x00001760   Zero   RW         1450    .bss                algorithm.o
    0x200025c8   0x00001004   Zero   RW         1505    .bss                max30102.o
    0x200035cc   0x00000141   Zero   RW         1721    .bss                usart.o
    0x2000370d   0x00000100   Zero   RW         3590    .bss                esp8266.o
    0x2000380d   0x00000003   PAD
    0x20003810   0x00000200   Zero   RW         1819    HEAP                startup_stm32f10x_hd.o
    0x20003a10   0x00000400   Zero   RW         1818    STACK               startup_stm32f10x_hd.o


==============================================================================

Image component sizes


      Code (inc. data)   RO Data    RW Data    ZI Data      Debug   Object Name

       238         14          0          0          0       1619   adc.o
      1700         30        246          0       5984       7025   algorithm.o
       592        202          0          0          0       1737   atgm336h.o
        40          4          0          0          0        456   beep.o
       220         26          0          4          0       1539   delay.o
      1024        272         72          4        256       5989   esp8266.o
       166          0          0          0          0       1415   exti.o
      6864        290        157         53          0      29248   inv_mpu.o
      3096        122       3062          0         16      19706   inv_mpu_dmp_motion_driver.o
       304         36          0          3          0       2132   key.o
        92          8          0          0          0        467   led.o
      1228        286        202        133        256     266600   main.o
      1590        178          0         53       4100       6260   max30102.o
       692        108          0          0          0       4038   maxiic.o
      1608        138          0        220         50       4949   menu.o
       172         22          0          0          0       1897   misc.o
       916         38          0          0          0       6542   mlx90614.o
       688          0          0          0          0       6303   mpu6050.o
      2812         34          0          0          0      16945   mqttkit.o
       680        102          0          0          0       4006   myiic.o
      1222         44       2072       2816          0       9626   oled.o
      1996        966        146          2          0       4537   onenet.o
        36          8        304          0       1536        756   startup_stm32f10x_hd.o
       486         24          0          0          0       8026   stm32f10x_adc.o
       160         12          0          0          0       1381   stm32f10x_exti.o
       522         10          0          0          0       5340   stm32f10x_gpio.o
        26          0          0          0          0       3342   stm32f10x_it.o
       332         44          0         20          0       5254   stm32f10x_rcc.o
       246         42          0          0          0       3298   stm32f10x_tim.o
       460          6          0          0          0       6307   stm32f10x_usart.o
       152          6          0          0          0        529   sv17f.o
         0          0          0          0          0         32   sys.o
       328         28          0         20          0       1885   system_stm32f10x.o
       402         36          0          1          0       2148   timer.o
       372         40          0         10        321       4735   usart.o

    ----------------------------------------------------------------------
     31516       3176       6304       3352      12524     446069   Object Totals
         0          0         32          0          0          0   (incl. Generated)
        54          0         11         13          5          0   (incl. Padding)

    ----------------------------------------------------------------------

      Code (inc. data)   RO Data    RW Data    ZI Data      Debug   Library Member Name

       624         52         80          0          0        168   asin.o
       544         70        152          0          0        124   atan.o
       384         38          0          0          0        144   atan2.o
        42          0          0          0          0         84   atof.o
        38          6          0          0          0        272   dunder.o
        40          0          0          0          0         68   fpclassify.o
       170          0          0          0          0         96   poly.o
         0          0          8          0          0          0   qnan.o
        76          0          0          0          0         84   sqrt.o
        94          0          0          0          0          0   __dclz77c.o
        28          0          0          0          0         68   _chval.o
        64          0          0          0          0         84   _sgetc.o
       158          0          0          0          0         92   _strtoul.o
        26          0          0          0          0         80   atoi.o
         8          4        133          0          0         68   ctype_o.o
         0          0          0          0          0          0   entry.o
         0          0          0          0          0          0   entry10a.o
         0          0          0          0          0          0   entry11a.o
         8          4          0          0          0          0   entry2.o
         4          0          0          0          0          0   entry5.o
         0          0          0          0          0          0   entry7b.o
         0          0          0          0          0          0   entry8b.o
         8          4          0          0          0          0   entry9a.o
        32         16          0          4          0        204   errno.o
        30          0          0          0          0          0   handlers.o
        36          8          0          0          0         68   init.o
        18          0          0          0          0         76   isspace_o.o
         0          0          0          0          0          0   iusefp.o
        98          0          0          0          0         84   ldiv.o
        30          0          0          0          0         68   llshl.o
        36          0          0          0          0         68   llsshr.o
        32          0          0          0          0         68   llushr.o
       188         20          0          0          0        160   malloc.o
        26          0          0          0          0         80   memcmp.o
        36          0          0          0          0         68   memcpya.o
        36          0          0          0          0        108   memseta.o
         0          0          0          8          0          0   mvars.o
      2276         96          0          0          0        596   printfa.o
       838         12          0          0          0        216   scanf_fp.o
        20          0          0          0          0         68   strchr.o
        14          0          0          0          0         68   strlen.o
        40          0          0          0          0         76   strncat.o
        36          0          0          0          0         80   strstr.o
       156         14          0          0          0        120   strtod.o
       112          0          0          0          0         88   strtol.o
        44          0          0          0          0         80   uidiv.o
        98          0          0          0          0         92   uldiv.o
        48          0          0          0          0         68   cdrcmple.o
        20          0          0          0          0         68   cfcmple.o
        20          0          0          0          0         68   cfrcmple.o
        56          0          0          0          0         88   d2f.o
       334          0          0          0          0        148   dadd.o
       222          0          0          0          0        100   ddiv.o
       186          0          0          0          0        176   depilogue.o
        62          0          0          0          0         80   dfixi.o
        48          0          0          0          0         68   dfixul.o
        34          0          0          0          0         76   dflti.o
        26          0          0          0          0         76   dfltui.o
        24          0          0          0          0         76   dfltul.o
       228          0          0          0          0         96   dmul.o
        46          0          0          0          0         80   dscalb.o
       162          0          0          0          0        100   dsqrt.o
        38          0          0          0          0         68   f2d.o
       176          0          0          0          0        140   fadd.o
       124          0          0          0          0         88   fdiv.o
       110          0          0          0          0        168   fepilogue.o
        50          0          0          0          0         68   ffixi.o
        40          0          0          0          0         68   ffixui.o
        18          0          0          0          0         68   fflti.o
        10          0          0          0          0         68   ffltui.o
       100          0          0          0          0         76   fmul.o

    ----------------------------------------------------------------------
      8740        344        376         12          0       6148   Library Totals
        10          0          3          0          0          0   (incl. Padding)

    ----------------------------------------------------------------------

      Code (inc. data)   RO Data    RW Data    ZI Data      Debug   Library Name

      1918        166        240          0          0       1040   m_ws.l
      4630        178        133         12          0       2928   mc_w.l
      2182          0          0          0          0       2180   mf_w.l

    ----------------------------------------------------------------------
      8740        344        376         12          0       6148   Library Totals

    ----------------------------------------------------------------------

==============================================================================


      Code (inc. data)   RO Data    RW Data    ZI Data      Debug   

     40256       3520       6680       3364      12524     436433   Grand Totals
     40256       3520       6680       1344      12524     436433   ELF Image Totals (compressed)
     40256       3520       6680       1344          0          0   ROM Totals

==============================================================================

    Total RO  Size (Code + RO Data)                46936 (  45.84kB)
    Total RW  Size (RW Data + ZI Data)             15888 (  15.52kB)
    Total ROM Size (Code + RO Data + RW Data)      48280 (  47.15kB)

==============================================================================

