<html>
<body>
<pre>
<h1>µVision Build Log</h1>
<h2>Tool Versions:</h2>
IDE-Version: ¦ÌVision V5.14.0.0
Copyright (C) 2015 ARM Ltd and ARM Germany GmbH. All rights reserved.
License Information: gdghe shdfh, rhdhd, LIC=KRMW3-A8A3K-56JQ2-9CR53-P41UK-XPSBG
 
Tool Versions:
Toolchain:       MDK-ARM Standard  Version: 5.14.0.0
Toolchain Path:  D:\Keil_v5\ARM\ARMCC\Bin
C Compiler:      Armcc.exe V5.05 update 1 (build 106)
Assembler:       Armasm.exe V5.05 update 1 (build 106)
Linker/Locator:  ArmLink.exe V5.05 update 1 (build 106)
Library Manager: ArmAr.exe V5.05 update 1 (build 106)
Hex Converter:   FromElf.exe V5.05 update 1 (build 106)
CPU DLL:         SARMCM3.DLL V5.14.0.0
Dialog DLL:      DCM.DLL V1.13.1.0
Target DLL:      CMSIS_AGDI.dll V1.21.0.0
Dialog DLL:      TCM.DLL V1.14.4.0
 
<h2>Project:</h2>
E:\ZM\Elderly health\USER\LED.uvprojx
Project File Date:  08/26/2023

<h2>Output:</h2>
Build target 'LED'
compiling main.c...
main.c(80): warning:  #223-D: function "max30102_init" declared implicitly
        max30102_init();
main.c(81): warning:  #223-D: function "MAX30102_data_set" declared implicitly
        MAX30102_data_set();    
main.c(160): warning:  #223-D: function "MAX30102_get" declared implicitly
      MAX30102_get(&HR,&SPO2);  
main.c: 3 warnings, 0 errors
linking...
Program Size: Code=40256 RO-data=6680 RW-data=3364 ZI-data=12524  
FromELF: creating hex file...
"..\OBJ\LED.axf" - 0 Error(s), 3 Warning(s).

<h2>Collection of Component include folders:</h2>
  E:\ZM\Elderly health\USER\RTE
  D:\Keil_v5\ARM\PACK\Keil\STM32F1xx_DFP\2.2.0

<h2>Collection of Component Files used:</h2>
</pre>
</body>
</html>
